Archive member included to satisfy reference by file (symbol)

/opt/Atollic_TrueSTUDIO_for_STM32_x86_64_9.3.0/ARMTools/bin/../lib/gcc/arm-atollic-eabi/6.3.1/../../../../arm-atollic-eabi/lib/armv7e-m/fpu/libc_nano.a(lib_a-errno.o)
                              Core/Src/syscalls.o (__errno)
/opt/Atollic_TrueSTUDIO_for_STM32_x86_64_9.3.0/ARMTools/bin/../lib/gcc/arm-atollic-eabi/6.3.1/../../../../arm-atollic-eabi/lib/armv7e-m/fpu/libc_nano.a(lib_a-impure.o)
                              /opt/Atollic_TrueSTUDIO_for_STM32_x86_64_9.3.0/ARMTools/bin/../lib/gcc/arm-atollic-eabi/6.3.1/../../../../arm-atollic-eabi/lib/armv7e-m/fpu/libc_nano.a(lib_a-errno.o) (_impure_ptr)
/opt/Atollic_TrueSTUDIO_for_STM32_x86_64_9.3.0/ARMTools/bin/../lib/gcc/arm-atollic-eabi/6.3.1/../../../../arm-atollic-eabi/lib/armv7e-m/fpu/libc_nano.a(lib_a-init.o)
                              startup/startup_stm32f401xc.o (__libc_init_array)
/opt/Atollic_TrueSTUDIO_for_STM32_x86_64_9.3.0/ARMTools/bin/../lib/gcc/arm-atollic-eabi/6.3.1/../../../../arm-atollic-eabi/lib/armv7e-m/fpu/libc_nano.a(lib_a-malloc.o)
                              Middlewares/ST/STM32_USB_Host_Library/Class/CDC/Src/usbh_cdc.o (malloc)
/opt/Atollic_TrueSTUDIO_for_STM32_x86_64_9.3.0/ARMTools/bin/../lib/gcc/arm-atollic-eabi/6.3.1/../../../../arm-atollic-eabi/lib/armv7e-m/fpu/libc_nano.a(lib_a-memset.o)
                              Core/Src/main.o (memset)
/opt/Atollic_TrueSTUDIO_for_STM32_x86_64_9.3.0/ARMTools/bin/../lib/gcc/arm-atollic-eabi/6.3.1/../../../../arm-atollic-eabi/lib/armv7e-m/fpu/libc_nano.a(lib_a-nano-freer.o)
                              /opt/Atollic_TrueSTUDIO_for_STM32_x86_64_9.3.0/ARMTools/bin/../lib/gcc/arm-atollic-eabi/6.3.1/../../../../arm-atollic-eabi/lib/armv7e-m/fpu/libc_nano.a(lib_a-malloc.o) (_free_r)
/opt/Atollic_TrueSTUDIO_for_STM32_x86_64_9.3.0/ARMTools/bin/../lib/gcc/arm-atollic-eabi/6.3.1/../../../../arm-atollic-eabi/lib/armv7e-m/fpu/libc_nano.a(lib_a-nano-mallocr.o)
                              /opt/Atollic_TrueSTUDIO_for_STM32_x86_64_9.3.0/ARMTools/bin/../lib/gcc/arm-atollic-eabi/6.3.1/../../../../arm-atollic-eabi/lib/armv7e-m/fpu/libc_nano.a(lib_a-malloc.o) (_malloc_r)
/opt/Atollic_TrueSTUDIO_for_STM32_x86_64_9.3.0/ARMTools/bin/../lib/gcc/arm-atollic-eabi/6.3.1/../../../../arm-atollic-eabi/lib/armv7e-m/fpu/libc_nano.a(lib_a-sbrkr.o)
                              /opt/Atollic_TrueSTUDIO_for_STM32_x86_64_9.3.0/ARMTools/bin/../lib/gcc/arm-atollic-eabi/6.3.1/../../../../arm-atollic-eabi/lib/armv7e-m/fpu/libc_nano.a(lib_a-nano-mallocr.o) (_sbrk_r)
/opt/Atollic_TrueSTUDIO_for_STM32_x86_64_9.3.0/ARMTools/bin/../lib/gcc/arm-atollic-eabi/6.3.1/../../../../arm-atollic-eabi/lib/armv7e-m/fpu/libc_nano.a(lib_a-mlock.o)
                              /opt/Atollic_TrueSTUDIO_for_STM32_x86_64_9.3.0/ARMTools/bin/../lib/gcc/arm-atollic-eabi/6.3.1/../../../../arm-atollic-eabi/lib/armv7e-m/fpu/libc_nano.a(lib_a-nano-freer.o) (__malloc_lock)
/opt/Atollic_TrueSTUDIO_for_STM32_x86_64_9.3.0/ARMTools/bin/../lib/gcc/arm-atollic-eabi/6.3.1/../../../../arm-atollic-eabi/lib/armv7e-m/fpu/libc_nano.a(lib_a-reent.o)
                              /opt/Atollic_TrueSTUDIO_for_STM32_x86_64_9.3.0/ARMTools/bin/../lib/gcc/arm-atollic-eabi/6.3.1/../../../../arm-atollic-eabi/lib/armv7e-m/fpu/libc_nano.a(lib_a-sbrkr.o) (errno)
/opt/Atollic_TrueSTUDIO_for_STM32_x86_64_9.3.0/ARMTools/bin/../lib/gcc/arm-atollic-eabi/6.3.1/armv7e-m/fpu/libgcc.a(_aeabi_uldivmod.o)
                              Drivers/STM32F4xx_HAL_Driver/Src/stm32f4xx_hal_rcc.o (__aeabi_uldivmod)
/opt/Atollic_TrueSTUDIO_for_STM32_x86_64_9.3.0/ARMTools/bin/../lib/gcc/arm-atollic-eabi/6.3.1/armv7e-m/fpu/libgcc.a(_udivmoddi4.o)
                              /opt/Atollic_TrueSTUDIO_for_STM32_x86_64_9.3.0/ARMTools/bin/../lib/gcc/arm-atollic-eabi/6.3.1/armv7e-m/fpu/libgcc.a(_aeabi_uldivmod.o) (__udivmoddi4)
/opt/Atollic_TrueSTUDIO_for_STM32_x86_64_9.3.0/ARMTools/bin/../lib/gcc/arm-atollic-eabi/6.3.1/armv7e-m/fpu/libgcc.a(_dvmd_tls.o)
                              /opt/Atollic_TrueSTUDIO_for_STM32_x86_64_9.3.0/ARMTools/bin/../lib/gcc/arm-atollic-eabi/6.3.1/armv7e-m/fpu/libgcc.a(_aeabi_uldivmod.o) (__aeabi_ldiv0)

Allocating common symbols
Common symbol       size              file

errno               0x4               /opt/Atollic_TrueSTUDIO_for_STM32_x86_64_9.3.0/ARMTools/bin/../lib/gcc/arm-atollic-eabi/6.3.1/../../../../arm-atollic-eabi/lib/armv7e-m/fpu/libc_nano.a(lib_a-reent.o)
hi2c1               0x54              Core/Src/main.o
hUsbHostFS          0x3d8             USB_HOST/App/usb_host.o
uwTick              0x4               Drivers/STM32F4xx_HAL_Driver/Src/stm32f4xx_hal.o
pFlash              0x20              Drivers/STM32F4xx_HAL_Driver/Src/stm32f4xx_hal_flash.o
hspi1               0x58              Core/Src/main.o
hhcd_USB_OTG_FS     0x2c4             USB_HOST/Target/usbh_conf.o
hi2s2               0x48              Core/Src/main.o
hi2s3               0x48              Core/Src/main.o

Discarded input sections

[...]
Memory Configuration

Name             Origin             Length             Attributes
FLASH            0x0000000008000000 0x0000000000040000 xr
RAM              0x0000000020000000 0x0000000000010000 xrw
MEMORY_B1        0x0000000060000000 0x0000000000000000 xr
CCMRAM           0x0000000010000000 0x0000000000010000 rw
*default*        0x0000000000000000 0xffffffffffffffff

Linker script and memory map

LOAD /opt/Atollic_TrueSTUDIO_for_STM32_x86_64_9.3.0/ARMTools/bin/../lib/gcc/arm-atollic-eabi/6.3.1/armv7e-m/fpu/crti.o
LOAD /opt/Atollic_TrueSTUDIO_for_STM32_x86_64_9.3.0/ARMTools/bin/../lib/gcc/arm-atollic-eabi/6.3.1/armv7e-m/fpu/crtbegin.o
LOAD Core/Src/main.o
LOAD Core/Src/stm32f4xx_hal_msp.o
LOAD Core/Src/stm32f4xx_it.o
LOAD Core/Src/syscalls.o
LOAD Core/Src/system_stm32f4xx.o
LOAD Drivers/STM32F4xx_HAL_Driver/Src/stm32f4xx_hal.o
LOAD Drivers/STM32F4xx_HAL_Driver/Src/stm32f4xx_hal_cortex.o
LOAD Drivers/STM32F4xx_HAL_Driver/Src/stm32f4xx_hal_dma.o
LOAD Drivers/STM32F4xx_HAL_Driver/Src/stm32f4xx_hal_dma_ex.o
LOAD Drivers/STM32F4xx_HAL_Driver/Src/stm32f4xx_hal_exti.o
LOAD Drivers/STM32F4xx_HAL_Driver/Src/stm32f4xx_hal_flash.o
LOAD Drivers/STM32F4xx_HAL_Driver/Src/stm32f4xx_hal_flash_ex.o
LOAD Drivers/STM32F4xx_HAL_Driver/Src/stm32f4xx_hal_flash_ramfunc.o
LOAD Drivers/STM32F4xx_HAL_Driver/Src/stm32f4xx_hal_gpio.o
LOAD Drivers/STM32F4xx_HAL_Driver/Src/stm32f4xx_hal_hcd.o
LOAD Drivers/STM32F4xx_HAL_Driver/Src/stm32f4xx_hal_i2c.o
LOAD Drivers/STM32F4xx_HAL_Driver/Src/stm32f4xx_hal_i2c_ex.o
LOAD Drivers/STM32F4xx_HAL_Driver/Src/stm32f4xx_hal_i2s.o
LOAD Drivers/STM32F4xx_HAL_Driver/Src/stm32f4xx_hal_i2s_ex.o
LOAD Drivers/STM32F4xx_HAL_Driver/Src/stm32f4xx_hal_pwr.o
LOAD Drivers/STM32F4xx_HAL_Driver/Src/stm32f4xx_hal_pwr_ex.o
LOAD Drivers/STM32F4xx_HAL_Driver/Src/stm32f4xx_hal_rcc.o
LOAD Drivers/STM32F4xx_HAL_Driver/Src/stm32f4xx_hal_rcc_ex.o
LOAD Drivers/STM32F4xx_HAL_Driver/Src/stm32f4xx_hal_spi.o
LOAD Drivers/STM32F4xx_HAL_Driver/Src/stm32f4xx_hal_tim.o
LOAD Drivers/STM32F4xx_HAL_Driver/Src/stm32f4xx_hal_tim_ex.o
LOAD Drivers/STM32F4xx_HAL_Driver/Src/stm32f4xx_ll_usb.o
LOAD Middlewares/ST/STM32_USB_Host_Library/Class/CDC/Src/usbh_cdc.o
LOAD Middlewares/ST/STM32_USB_Host_Library/Core/Src/usbh_core.o
LOAD Middlewares/ST/STM32_USB_Host_Library/Core/Src/usbh_ctlreq.o
LOAD Middlewares/ST/STM32_USB_Host_Library/Core/Src/usbh_ioreq.o
LOAD Middlewares/ST/STM32_USB_Host_Library/Core/Src/usbh_pipes.o
LOAD USB_HOST/App/usb_host.o
LOAD USB_HOST/Target/usbh_conf.o
LOAD USB_HOST/Target/usbh_platform.o
LOAD startup/startup_stm32f401xc.o
                0x0000000000000080                malloc_getpagesize_P = 0x80
START GROUP
LOAD /opt/Atollic_TrueSTUDIO_for_STM32_x86_64_9.3.0/ARMTools/bin/../lib/gcc/arm-atollic-eabi/6.3.1/../../../../arm-atollic-eabi/lib/armv7e-m/fpu/libc_nano.a
LOAD /opt/Atollic_TrueSTUDIO_for_STM32_x86_64_9.3.0/ARMTools/bin/../lib/gcc/arm-atollic-eabi/6.3.1/../../../../arm-atollic-eabi/lib/armv7e-m/fpu/libm.a
END GROUP
START GROUP
LOAD /opt/Atollic_TrueSTUDIO_for_STM32_x86_64_9.3.0/ARMTools/bin/../lib/gcc/arm-atollic-eabi/6.3.1/armv7e-m/fpu/libgcc.a
LOAD /opt/Atollic_TrueSTUDIO_for_STM32_x86_64_9.3.0/ARMTools/bin/../lib/gcc/arm-atollic-eabi/6.3.1/../../../../arm-atollic-eabi/lib/armv7e-m/fpu/libc_nano.a
END GROUP
START GROUP
LOAD /opt/Atollic_TrueSTUDIO_for_STM32_x86_64_9.3.0/ARMTools/bin/../lib/gcc/arm-atollic-eabi/6.3.1/armv7e-m/fpu/libgcc.a
LOAD /opt/Atollic_TrueSTUDIO_for_STM32_x86_64_9.3.0/ARMTools/bin/../lib/gcc/arm-atollic-eabi/6.3.1/../../../../arm-atollic-eabi/lib/armv7e-m/fpu/libc_nano.a
LOAD /opt/Atollic_TrueSTUDIO_for_STM32_x86_64_9.3.0/ARMTools/bin/../lib/gcc/arm-atollic-eabi/6.3.1/../../../../arm-atollic-eabi/lib/armv7e-m/fpu/libnosys.a
END GROUP
START GROUP
LOAD /opt/Atollic_TrueSTUDIO_for_STM32_x86_64_9.3.0/ARMTools/bin/../lib/gcc/arm-atollic-eabi/6.3.1/armv7e-m/fpu/libgcc.a
LOAD /opt/Atollic_TrueSTUDIO_for_STM32_x86_64_9.3.0/ARMTools/bin/../lib/gcc/arm-atollic-eabi/6.3.1/../../../../arm-atollic-eabi/lib/armv7e-m/fpu/libc_nano.a
LOAD /opt/Atollic_TrueSTUDIO_for_STM32_x86_64_9.3.0/ARMTools/bin/../lib/gcc/arm-atollic-eabi/6.3.1/../../../../arm-atollic-eabi/lib/armv7e-m/fpu/libnosys.a
END GROUP
LOAD /opt/Atollic_TrueSTUDIO_for_STM32_x86_64_9.3.0/ARMTools/bin/../lib/gcc/arm-atollic-eabi/6.3.1/armv7e-m/fpu/crtend.o
LOAD /opt/Atollic_TrueSTUDIO_for_STM32_x86_64_9.3.0/ARMTools/bin/../lib/gcc/arm-atollic-eabi/6.3.1/armv7e-m/fpu/crtn.o
                0x0000000020010000                _estack = 0x20010000
                0x0000000000000000                _Min_Heap_Size = 0x0
                0x0000000000000200                _Min_Stack_Size = 0x200

.isr_vector     0x0000000008000000      0x194
                0x0000000008000000                . = ALIGN (0x4)
 *(.isr_vector)
 .isr_vector    0x0000000008000000      0x194 startup/startup_stm32f401xc.o
                0x0000000008000000                g_pfnVectors
                0x0000000008000194                . = ALIGN (0x4)

.text           0x0000000008000194     0x79fc
                0x0000000008000194                . = ALIGN (0x4)
 *(.text)
 .text          0x0000000008000194       0x40 /opt/Atollic_TrueSTUDIO_for_STM32_x86_64_9.3.0/ARMTools/bin/../lib/gcc/arm-atollic-eabi/6.3.1/armv7e-m/fpu/crtbegin.o
 .text          0x00000000080001d4       0x30 /opt/Atollic_TrueSTUDIO_for_STM32_x86_64_9.3.0/ARMTools/bin/../lib/gcc/arm-atollic-eabi/6.3.1/armv7e-m/fpu/libgcc.a(_aeabi_uldivmod.o)
                0x00000000080001d4                __aeabi_uldivmod
 .text          0x0000000008000204      0x2dc /opt/Atollic_TrueSTUDIO_for_STM32_x86_64_9.3.0/ARMTools/bin/../lib/gcc/arm-atollic-eabi/6.3.1/armv7e-m/fpu/libgcc.a(_udivmoddi4.o)
                0x0000000008000204                __udivmoddi4
 .text          0x00000000080004e0        0x4 /opt/Atollic_TrueSTUDIO_for_STM32_x86_64_9.3.0/ARMTools/bin/../lib/gcc/arm-atollic-eabi/6.3.1/armv7e-m/fpu/libgcc.a(_dvmd_tls.o)
                0x00000000080004e0                __aeabi_ldiv0
                0x00000000080004e0                __aeabi_idiv0
 *(.text*)
 .text.main     0x00000000080004e4       0xa0 Core/Src/main.o
                0x00000000080004e4                main
 .text.SystemClock_Config
                0x0000000008000584      0x108 Core/Src/main.o
                0x0000000008000584                SystemClock_Config
 .text.MX_I2C1_Init
                0x000000000800068c       0x5c Core/Src/main.o
 .text.MX_I2S2_Init
                0x00000000080006e8       0x5c Core/Src/main.o
 .text.MX_I2S3_Init
                0x0000000008000744       0x60 Core/Src/main.o
 .text.MX_SPI1_Init
                0x00000000080007a4       0x6c Core/Src/main.o
 .text.MX_GPIO_Init
                0x0000000008000810      0x1b4 Core/Src/main.o
 .text.Error_Handler
                0x00000000080009c4        0xe Core/Src/main.o
                0x00000000080009c4                Error_Handler
 *fill*         0x00000000080009d2        0x2 
 .text.HAL_MspInit
                0x00000000080009d4       0x50 Core/Src/stm32f4xx_hal_msp.o
                0x00000000080009d4                HAL_MspInit
 .text.HAL_I2C_MspInit
                0x0000000008000a24       0x90 Core/Src/stm32f4xx_hal_msp.o
                0x0000000008000a24                HAL_I2C_MspInit
 .text.HAL_I2S_MspInit
                0x0000000008000ab4      0x17c Core/Src/stm32f4xx_hal_msp.o
                0x0000000008000ab4                HAL_I2S_MspInit
 .text.HAL_SPI_MspInit
                0x0000000008000c30       0x90 Core/Src/stm32f4xx_hal_msp.o
                0x0000000008000c30                HAL_SPI_MspInit
 .text.NMI_Handler
                0x0000000008000cc0        0xe Core/Src/stm32f4xx_it.o
                0x0000000008000cc0                NMI_Handler
 .text.HardFault_Handler
                0x0000000008000cce        0x6 Core/Src/stm32f4xx_it.o
                0x0000000008000cce                HardFault_Handler
 .text.MemManage_Handler
                0x0000000008000cd4        0x6 Core/Src/stm32f4xx_it.o
                0x0000000008000cd4                MemManage_Handler
 .text.BusFault_Handler
                0x0000000008000cda        0x6 Core/Src/stm32f4xx_it.o
                0x0000000008000cda                BusFault_Handler
 .text.UsageFault_Handler
                0x0000000008000ce0        0x6 Core/Src/stm32f4xx_it.o
                0x0000000008000ce0                UsageFault_Handler
 .text.SVC_Handler
                0x0000000008000ce6        0xe Core/Src/stm32f4xx_it.o
                0x0000000008000ce6                SVC_Handler
 .text.DebugMon_Handler
                0x0000000008000cf4        0xe Core/Src/stm32f4xx_it.o
                0x0000000008000cf4                DebugMon_Handler
 .text.PendSV_Handler
                0x0000000008000d02        0xe Core/Src/stm32f4xx_it.o
                0x0000000008000d02                PendSV_Handler
 .text.SysTick_Handler
                0x0000000008000d10        0xc Core/Src/stm32f4xx_it.o
                0x0000000008000d10                SysTick_Handler
 .text.OTG_FS_IRQHandler
                0x0000000008000d1c       0x14 Core/Src/stm32f4xx_it.o
                0x0000000008000d1c                OTG_FS_IRQHandler
 .text._sbrk    0x0000000008000d30       0x58 Core/Src/syscalls.o
                0x0000000008000d30                _sbrk
 .text.SystemInit
                0x0000000008000d88       0x2c Core/Src/system_stm32f4xx.o
                0x0000000008000d88                SystemInit
 .text.HAL_Init
                0x0000000008000db4       0x44 Drivers/STM32F4xx_HAL_Driver/Src/stm32f4xx_hal.o
                0x0000000008000db4                HAL_Init
 .text.HAL_InitTick
                0x0000000008000df8       0x60 Drivers/STM32F4xx_HAL_Driver/Src/stm32f4xx_hal.o
                0x0000000008000df8                HAL_InitTick
 .text.HAL_IncTick
                0x0000000008000e58       0x28 Drivers/STM32F4xx_HAL_Driver/Src/stm32f4xx_hal.o
                0x0000000008000e58                HAL_IncTick
 .text.HAL_GetTick
                0x0000000008000e80       0x18 Drivers/STM32F4xx_HAL_Driver/Src/stm32f4xx_hal.o
                0x0000000008000e80                HAL_GetTick
 .text.HAL_Delay
                0x0000000008000e98       0x44 Drivers/STM32F4xx_HAL_Driver/Src/stm32f4xx_hal.o
                0x0000000008000e98                HAL_Delay
 .text.__NVIC_SetPriorityGrouping
                0x0000000008000edc       0x48 Drivers/STM32F4xx_HAL_Driver/Src/stm32f4xx_hal_cortex.o
 .text.__NVIC_GetPriorityGrouping
                0x0000000008000f24       0x1c Drivers/STM32F4xx_HAL_Driver/Src/stm32f4xx_hal_cortex.o
 .text.__NVIC_EnableIRQ
                0x0000000008000f40       0x3c Drivers/STM32F4xx_HAL_Driver/Src/stm32f4xx_hal_cortex.o
 .text.__NVIC_SetPriority
                0x0000000008000f7c       0x54 Drivers/STM32F4xx_HAL_Driver/Src/stm32f4xx_hal_cortex.o
 .text.NVIC_EncodePriority
                0x0000000008000fd0       0x62 Drivers/STM32F4xx_HAL_Driver/Src/stm32f4xx_hal_cortex.o
 *fill*         0x0000000008001032        0x2 
 .text.SysTick_Config
                0x0000000008001034       0x44 Drivers/STM32F4xx_HAL_Driver/Src/stm32f4xx_hal_cortex.o
 .text.HAL_NVIC_SetPriorityGrouping
                0x0000000008001078       0x16 Drivers/STM32F4xx_HAL_Driver/Src/stm32f4xx_hal_cortex.o
                0x0000000008001078                HAL_NVIC_SetPriorityGrouping
 .text.HAL_NVIC_SetPriority
                0x000000000800108e       0x38 Drivers/STM32F4xx_HAL_Driver/Src/stm32f4xx_hal_cortex.o
                0x000000000800108e                HAL_NVIC_SetPriority
 .text.HAL_NVIC_EnableIRQ
                0x00000000080010c6       0x1c Drivers/STM32F4xx_HAL_Driver/Src/stm32f4xx_hal_cortex.o
                0x00000000080010c6                HAL_NVIC_EnableIRQ
 .text.HAL_SYSTICK_Config
                0x00000000080010e2       0x18 Drivers/STM32F4xx_HAL_Driver/Src/stm32f4xx_hal_cortex.o
                0x00000000080010e2                HAL_SYSTICK_Config
 *fill*         0x00000000080010fa        0x2 
 .text.HAL_GPIO_Init
                0x00000000080010fc      0x304 Drivers/STM32F4xx_HAL_Driver/Src/stm32f4xx_hal_gpio.o
                0x00000000080010fc                HAL_GPIO_Init
 .text.HAL_GPIO_ReadPin
                0x0000000008001400       0x30 Drivers/STM32F4xx_HAL_Driver/Src/stm32f4xx_hal_gpio.o
                0x0000000008001400                HAL_GPIO_ReadPin
 .text.HAL_GPIO_WritePin
                0x0000000008001430       0x32 Drivers/STM32F4xx_HAL_Driver/Src/stm32f4xx_hal_gpio.o
                0x0000000008001430                HAL_GPIO_WritePin
 .text.HAL_GPIO_TogglePin
                0x0000000008001462       0x36 Drivers/STM32F4xx_HAL_Driver/Src/stm32f4xx_hal_gpio.o
                0x0000000008001462                HAL_GPIO_TogglePin
 .text.HAL_HCD_Init
                0x0000000008001498       0xc4 Drivers/STM32F4xx_HAL_Driver/Src/stm32f4xx_hal_hcd.o
                0x0000000008001498                HAL_HCD_Init
 .text.HAL_HCD_HC_Init
                0x000000000800155c      0x130 Drivers/STM32F4xx_HAL_Driver/Src/stm32f4xx_hal_hcd.o
                0x000000000800155c                HAL_HCD_HC_Init
 .text.HAL_HCD_HC_Halt
                0x000000000800168c       0x46 Drivers/STM32F4xx_HAL_Driver/Src/stm32f4xx_hal_hcd.o
                0x000000000800168c                HAL_HCD_HC_Halt
 *fill*         0x00000000080016d2        0x2 
 .text.HAL_HCD_HC_SubmitRequest
                0x00000000080016d4      0x2e4 Drivers/STM32F4xx_HAL_Driver/Src/stm32f4xx_hal_hcd.o
                0x00000000080016d4                HAL_HCD_HC_SubmitRequest
 .text.HAL_HCD_IRQHandler
                0x00000000080019b8      0x208 Drivers/STM32F4xx_HAL_Driver/Src/stm32f4xx_hal_hcd.o
                0x00000000080019b8                HAL_HCD_IRQHandler
 .text.HAL_HCD_Start
                0x0000000008001bc0       0x46 Drivers/STM32F4xx_HAL_Driver/Src/stm32f4xx_hal_hcd.o
                0x0000000008001bc0                HAL_HCD_Start
 .text.HAL_HCD_Stop
                0x0000000008001c06       0x3a Drivers/STM32F4xx_HAL_Driver/Src/stm32f4xx_hal_hcd.o
                0x0000000008001c06                HAL_HCD_Stop
 .text.HAL_HCD_ResetPort
                0x0000000008001c40       0x1c Drivers/STM32F4xx_HAL_Driver/Src/stm32f4xx_hal_hcd.o
                0x0000000008001c40                HAL_HCD_ResetPort
 .text.HAL_HCD_HC_GetURBState
                0x0000000008001c5c       0x2a Drivers/STM32F4xx_HAL_Driver/Src/stm32f4xx_hal_hcd.o
                0x0000000008001c5c                HAL_HCD_HC_GetURBState
 .text.HAL_HCD_HC_GetXferCount
                0x0000000008001c86       0x2a Drivers/STM32F4xx_HAL_Driver/Src/stm32f4xx_hal_hcd.o
                0x0000000008001c86                HAL_HCD_HC_GetXferCount
 .text.HAL_HCD_GetCurrentFrame
                0x0000000008001cb0       0x1c Drivers/STM32F4xx_HAL_Driver/Src/stm32f4xx_hal_hcd.o
                0x0000000008001cb0                HAL_HCD_GetCurrentFrame
 .text.HAL_HCD_GetCurrentSpeed
                0x0000000008001ccc       0x1c Drivers/STM32F4xx_HAL_Driver/Src/stm32f4xx_hal_hcd.o
                0x0000000008001ccc                HAL_HCD_GetCurrentSpeed
 .text.HCD_HC_IN_IRQHandler
                0x0000000008001ce8      0x880 Drivers/STM32F4xx_HAL_Driver/Src/stm32f4xx_hal_hcd.o
 .text.HCD_HC_OUT_IRQHandler
                0x0000000008002568      0x6fe Drivers/STM32F4xx_HAL_Driver/Src/stm32f4xx_hal_hcd.o
 *fill*         0x0000000008002c66        0x2 
 .text.HCD_RXQLVL_IRQHandler
                0x0000000008002c68      0x158 Drivers/STM32F4xx_HAL_Driver/Src/stm32f4xx_hal_hcd.o
 .text.HCD_Port_IRQHandler
                0x0000000008002dc0       0xe6 Drivers/STM32F4xx_HAL_Driver/Src/stm32f4xx_hal_hcd.o
 *fill*         0x0000000008002ea6        0x2 
 .text.HAL_I2C_Init
                0x0000000008002ea8      0x270 Drivers/STM32F4xx_HAL_Driver/Src/stm32f4xx_hal_i2c.o
                0x0000000008002ea8                HAL_I2C_Init
 .text.HAL_I2S_Init
                0x0000000008003118      0x280 Drivers/STM32F4xx_HAL_Driver/Src/stm32f4xx_hal_i2s.o
                0x0000000008003118                HAL_I2S_Init
 .text.HAL_I2S_TxCpltCallback
                0x0000000008003398       0x14 Drivers/STM32F4xx_HAL_Driver/Src/stm32f4xx_hal_i2s.o
                0x0000000008003398                HAL_I2S_TxCpltCallback
 .text.HAL_I2S_RxCpltCallback
                0x00000000080033ac       0x14 Drivers/STM32F4xx_HAL_Driver/Src/stm32f4xx_hal_i2s.o
                0x00000000080033ac                HAL_I2S_RxCpltCallback
 .text.HAL_I2S_ErrorCallback
                0x00000000080033c0       0x14 Drivers/STM32F4xx_HAL_Driver/Src/stm32f4xx_hal_i2s.o
                0x00000000080033c0                HAL_I2S_ErrorCallback
 .text.I2S_Transmit_IT
                0x00000000080033d4       0x5c Drivers/STM32F4xx_HAL_Driver/Src/stm32f4xx_hal_i2s.o
 .text.I2S_Receive_IT
                0x0000000008003430       0x5e Drivers/STM32F4xx_HAL_Driver/Src/stm32f4xx_hal_i2s.o
 .text.I2S_IRQHandler
                0x000000000800348e      0x114 Drivers/STM32F4xx_HAL_Driver/Src/stm32f4xx_hal_i2s.o
 *fill*         0x00000000080035a2        0x2 
 .text.HAL_I2SEx_FullDuplex_IRQHandler
                0x00000000080035a4      0x2a8 Drivers/STM32F4xx_HAL_Driver/Src/stm32f4xx_hal_i2s_ex.o
                0x00000000080035a4                HAL_I2SEx_FullDuplex_IRQHandler
 .text.HAL_I2SEx_TxRxCpltCallback
                0x000000000800384c       0x14 Drivers/STM32F4xx_HAL_Driver/Src/stm32f4xx_hal_i2s_ex.o
                0x000000000800384c                HAL_I2SEx_TxRxCpltCallback
 .text.I2SEx_TxISR_I2S
                0x0000000008003860       0x62 Drivers/STM32F4xx_HAL_Driver/Src/stm32f4xx_hal_i2s_ex.o
 *fill*         0x00000000080038c2        0x2 
 .text.I2SEx_TxISR_I2SExt
                0x00000000080038c4       0x94 Drivers/STM32F4xx_HAL_Driver/Src/stm32f4xx_hal_i2s_ex.o
 .text.I2SEx_RxISR_I2S
                0x0000000008003958       0x64 Drivers/STM32F4xx_HAL_Driver/Src/stm32f4xx_hal_i2s_ex.o
 .text.I2SEx_RxISR_I2SExt
                0x00000000080039bc       0x98 Drivers/STM32F4xx_HAL_Driver/Src/stm32f4xx_hal_i2s_ex.o
 .text.HAL_RCC_OscConfig
                0x0000000008003a54      0x4e0 Drivers/STM32F4xx_HAL_Driver/Src/stm32f4xx_hal_rcc.o
                0x0000000008003a54                HAL_RCC_OscConfig
 .text.HAL_RCC_ClockConfig
                0x0000000008003f34      0x1cc Drivers/STM32F4xx_HAL_Driver/Src/stm32f4xx_hal_rcc.o
                0x0000000008003f34                HAL_RCC_ClockConfig
 .text.HAL_RCC_GetSysClockFreq
                0x0000000008004100      0x1b0 Drivers/STM32F4xx_HAL_Driver/Src/stm32f4xx_hal_rcc.o
                0x0000000008004100                HAL_RCC_GetSysClockFreq
 .text.HAL_RCC_GetHCLKFreq
                0x00000000080042b0       0x18 Drivers/STM32F4xx_HAL_Driver/Src/stm32f4xx_hal_rcc.o
                0x00000000080042b0                HAL_RCC_GetHCLKFreq
 .text.HAL_RCC_GetPCLK1Freq
                0x00000000080042c8       0x28 Drivers/STM32F4xx_HAL_Driver/Src/stm32f4xx_hal_rcc.o
                0x00000000080042c8                HAL_RCC_GetPCLK1Freq
 .text.HAL_RCCEx_PeriphCLKConfig
                0x00000000080042f0      0x1dc Drivers/STM32F4xx_HAL_Driver/Src/stm32f4xx_hal_rcc_ex.o
                0x00000000080042f0                HAL_RCCEx_PeriphCLKConfig
 .text.HAL_RCCEx_GetPeriphCLKFreq
                0x00000000080044cc       0xb8 Drivers/STM32F4xx_HAL_Driver/Src/stm32f4xx_hal_rcc_ex.o
                0x00000000080044cc                HAL_RCCEx_GetPeriphCLKFreq
 .text.HAL_SPI_Init
                0x0000000008004584       0xc6 Drivers/STM32F4xx_HAL_Driver/Src/stm32f4xx_hal_spi.o
                0x0000000008004584                HAL_SPI_Init
 .text.USB_CoreInit
                0x000000000800464a       0xc2 Drivers/STM32F4xx_HAL_Driver/Src/stm32f4xx_ll_usb.o
                0x000000000800464a                USB_CoreInit
 .text.USB_EnableGlobalInt
                0x000000000800470c       0x22 Drivers/STM32F4xx_HAL_Driver/Src/stm32f4xx_ll_usb.o
                0x000000000800470c                USB_EnableGlobalInt
 .text.USB_DisableGlobalInt
                0x000000000800472e       0x22 Drivers/STM32F4xx_HAL_Driver/Src/stm32f4xx_ll_usb.o
                0x000000000800472e                USB_DisableGlobalInt
 .text.USB_SetCurrentMode
                0x0000000008004750       0x54 Drivers/STM32F4xx_HAL_Driver/Src/stm32f4xx_ll_usb.o
                0x0000000008004750                USB_SetCurrentMode
 .text.USB_FlushTxFifo
                0x00000000080047a4       0x4c Drivers/STM32F4xx_HAL_Driver/Src/stm32f4xx_ll_usb.o
                0x00000000080047a4                USB_FlushTxFifo
 .text.USB_FlushRxFifo
                0x00000000080047f0       0x44 Drivers/STM32F4xx_HAL_Driver/Src/stm32f4xx_ll_usb.o
                0x00000000080047f0                USB_FlushRxFifo
 .text.USB_WritePacket
                0x0000000008004834       0x6a Drivers/STM32F4xx_HAL_Driver/Src/stm32f4xx_ll_usb.o
                0x0000000008004834                USB_WritePacket
 .text.USB_ReadPacket
                0x000000000800489e       0x52 Drivers/STM32F4xx_HAL_Driver/Src/stm32f4xx_ll_usb.o
                0x000000000800489e                USB_ReadPacket
 .text.USB_ReadInterrupts
                0x00000000080048f0       0x26 Drivers/STM32F4xx_HAL_Driver/Src/stm32f4xx_ll_usb.o
                0x00000000080048f0                USB_ReadInterrupts
 .text.USB_GetMode
                0x0000000008004916       0x1c Drivers/STM32F4xx_HAL_Driver/Src/stm32f4xx_ll_usb.o
                0x0000000008004916                USB_GetMode
 *fill*         0x0000000008004932        0x2 
 .text.USB_CoreReset
                0x0000000008004934       0x68 Drivers/STM32F4xx_HAL_Driver/Src/stm32f4xx_ll_usb.o
 .text.USB_HostInit
                0x000000000800499c      0x17c Drivers/STM32F4xx_HAL_Driver/Src/stm32f4xx_ll_usb.o
                0x000000000800499c                USB_HostInit
 .text.USB_InitFSLSPClkSel
                0x0000000008004b18       0x78 Drivers/STM32F4xx_HAL_Driver/Src/stm32f4xx_ll_usb.o
                0x0000000008004b18                USB_InitFSLSPClkSel
 .text.USB_ResetPort
                0x0000000008004b90       0x58 Drivers/STM32F4xx_HAL_Driver/Src/stm32f4xx_ll_usb.o
                0x0000000008004b90                USB_ResetPort
 .text.USB_DriveVbus
                0x0000000008004be8       0x76 Drivers/STM32F4xx_HAL_Driver/Src/stm32f4xx_ll_usb.o
                0x0000000008004be8                USB_DriveVbus
 .text.USB_GetHostSpeed
                0x0000000008004c5e       0x2e Drivers/STM32F4xx_HAL_Driver/Src/stm32f4xx_ll_usb.o
                0x0000000008004c5e                USB_GetHostSpeed
 .text.USB_GetCurrentFrame
                0x0000000008004c8c       0x22 Drivers/STM32F4xx_HAL_Driver/Src/stm32f4xx_ll_usb.o
                0x0000000008004c8c                USB_GetCurrentFrame
 *fill*         0x0000000008004cae        0x2 
 .text.USB_HC_Init
                0x0000000008004cb0      0x224 Drivers/STM32F4xx_HAL_Driver/Src/stm32f4xx_ll_usb.o
                0x0000000008004cb0                USB_HC_Init
 .text.USB_HC_StartXfer
                0x0000000008004ed4      0x294 Drivers/STM32F4xx_HAL_Driver/Src/stm32f4xx_ll_usb.o
                0x0000000008004ed4                USB_HC_StartXfer
 .text.USB_HC_ReadInterrupt
                0x0000000008005168       0x22 Drivers/STM32F4xx_HAL_Driver/Src/stm32f4xx_ll_usb.o
                0x0000000008005168                USB_HC_ReadInterrupt
 .text.USB_HC_Halt
                0x000000000800518a      0x212 Drivers/STM32F4xx_HAL_Driver/Src/stm32f4xx_ll_usb.o
                0x000000000800518a                USB_HC_Halt
 .text.USB_DoPing
                0x000000000800539c       0x78 Drivers/STM32F4xx_HAL_Driver/Src/stm32f4xx_ll_usb.o
                0x000000000800539c                USB_DoPing
 .text.USB_StopHost
                0x0000000008005414      0x10c Drivers/STM32F4xx_HAL_Driver/Src/stm32f4xx_ll_usb.o
                0x0000000008005414                USB_StopHost
 .text.USBH_CDC_InterfaceInit
                0x0000000008005520      0x2ac Middlewares/ST/STM32_USB_Host_Library/Class/CDC/Src/usbh_cdc.o
 .text.USBH_CDC_InterfaceDeInit
                0x00000000080057cc       0xb2 Middlewares/ST/STM32_USB_Host_Library/Class/CDC/Src/usbh_cdc.o
 .text.USBH_CDC_ClassRequest
                0x000000000800587e       0x3e Middlewares/ST/STM32_USB_Host_Library/Class/CDC/Src/usbh_cdc.o
 .text.USBH_CDC_Process
                0x00000000080058bc      0x12c Middlewares/ST/STM32_USB_Host_Library/Class/CDC/Src/usbh_cdc.o
 .text.USBH_CDC_SOFProcess
                0x00000000080059e8       0x16 Middlewares/ST/STM32_USB_Host_Library/Class/CDC/Src/usbh_cdc.o
 .text.GetLineCoding
                0x00000000080059fe       0x3e Middlewares/ST/STM32_USB_Host_Library/Class/CDC/Src/usbh_cdc.o
 .text.SetLineCoding
                0x0000000008005a3c       0x3e Middlewares/ST/STM32_USB_Host_Library/Class/CDC/Src/usbh_cdc.o
 .text.CDC_ProcessTransmission
                0x0000000008005a7a       0xf0 Middlewares/ST/STM32_USB_Host_Library/Class/CDC/Src/usbh_cdc.o
 .text.CDC_ProcessReception
                0x0000000008005b6a       0xb6 Middlewares/ST/STM32_USB_Host_Library/Class/CDC/Src/usbh_cdc.o
 .text.USBH_CDC_TransmitCallback
                0x0000000008005c20       0x14 Middlewares/ST/STM32_USB_Host_Library/Class/CDC/Src/usbh_cdc.o
                0x0000000008005c20                USBH_CDC_TransmitCallback
 .text.USBH_CDC_ReceiveCallback
                0x0000000008005c34       0x14 Middlewares/ST/STM32_USB_Host_Library/Class/CDC/Src/usbh_cdc.o
                0x0000000008005c34                USBH_CDC_ReceiveCallback
 .text.USBH_CDC_LineCodingChanged
                0x0000000008005c48       0x14 Middlewares/ST/STM32_USB_Host_Library/Class/CDC/Src/usbh_cdc.o
                0x0000000008005c48                USBH_CDC_LineCodingChanged
 .text.USBH_Init
                0x0000000008005c5c       0x74 Middlewares/ST/STM32_USB_Host_Library/Core/Src/usbh_core.o
                0x0000000008005c5c                USBH_Init
 .text.DeInitStateMachine
                0x0000000008005cd0       0xa8 Middlewares/ST/STM32_USB_Host_Library/Core/Src/usbh_core.o
 .text.USBH_RegisterClass
                0x0000000008005d78       0x54 Middlewares/ST/STM32_USB_Host_Library/Core/Src/usbh_core.o
                0x0000000008005d78                USBH_RegisterClass
 .text.USBH_SelectInterface
                0x0000000008005dcc       0x38 Middlewares/ST/STM32_USB_Host_Library/Core/Src/usbh_core.o
                0x0000000008005dcc                USBH_SelectInterface
 .text.USBH_FindInterface
                0x0000000008005e04       0x8c Middlewares/ST/STM32_USB_Host_Library/Core/Src/usbh_core.o
                0x0000000008005e04                USBH_FindInterface
 .text.USBH_Start
                0x0000000008005e90       0x20 Middlewares/ST/STM32_USB_Host_Library/Core/Src/usbh_core.o
                0x0000000008005e90                USBH_Start
 .text.USBH_Process
                0x0000000008005eb0      0x3c0 Middlewares/ST/STM32_USB_Host_Library/Core/Src/usbh_core.o
                0x0000000008005eb0                USBH_Process
 .text.USBH_HandleEnum
                0x0000000008006270      0x3c8 Middlewares/ST/STM32_USB_Host_Library/Core/Src/usbh_core.o
 .text.USBH_LL_SetTimer
                0x0000000008006638       0x1e Middlewares/ST/STM32_USB_Host_Library/Core/Src/usbh_core.o
                0x0000000008006638                USBH_LL_SetTimer
 .text.USBH_LL_IncTimer
                0x0000000008006656       0x24 Middlewares/ST/STM32_USB_Host_Library/Core/Src/usbh_core.o
                0x0000000008006656                USBH_LL_IncTimer
 .text.USBH_HandleSof
                0x000000000800667a       0x30 Middlewares/ST/STM32_USB_Host_Library/Core/Src/usbh_core.o
 .text.USBH_LL_PortEnabled
                0x00000000080066aa       0x1c Middlewares/ST/STM32_USB_Host_Library/Core/Src/usbh_core.o
                0x00000000080066aa                USBH_LL_PortEnabled
 .text.USBH_LL_PortDisabled
                0x00000000080066c6       0x1c Middlewares/ST/STM32_USB_Host_Library/Core/Src/usbh_core.o
                0x00000000080066c6                USBH_LL_PortDisabled
 .text.USBH_LL_Connect
                0x00000000080066e2       0x2e Middlewares/ST/STM32_USB_Host_Library/Core/Src/usbh_core.o
                0x00000000080066e2                USBH_LL_Connect
 .text.USBH_LL_Disconnect
                0x0000000008006710       0x48 Middlewares/ST/STM32_USB_Host_Library/Core/Src/usbh_core.o
                0x0000000008006710                USBH_LL_Disconnect
 .text.USBH_Get_DevDesc
                0x0000000008006758       0x50 Middlewares/ST/STM32_USB_Host_Library/Core/Src/usbh_ctlreq.o
                0x0000000008006758                USBH_Get_DevDesc
 .text.USBH_Get_CfgDesc
                0x00000000080067a8       0x48 Middlewares/ST/STM32_USB_Host_Library/Core/Src/usbh_ctlreq.o
                0x00000000080067a8                USBH_Get_CfgDesc
 .text.USBH_Get_StringDesc
                0x00000000080067f0       0x56 Middlewares/ST/STM32_USB_Host_Library/Core/Src/usbh_ctlreq.o
                0x00000000080067f0                USBH_Get_StringDesc
 .text.USBH_GetDescriptor
                0x0000000008006846       0x6a Middlewares/ST/STM32_USB_Host_Library/Core/Src/usbh_ctlreq.o
                0x0000000008006846                USBH_GetDescriptor
 .text.USBH_SetAddress
                0x00000000080068b0       0x48 Middlewares/ST/STM32_USB_Host_Library/Core/Src/usbh_ctlreq.o
                0x00000000080068b0                USBH_SetAddress
 .text.USBH_SetCfg
                0x00000000080068f8       0x46 Middlewares/ST/STM32_USB_Host_Library/Core/Src/usbh_ctlreq.o
                0x00000000080068f8                USBH_SetCfg
 .text.USBH_SetFeature
                0x000000000800693e       0x48 Middlewares/ST/STM32_USB_Host_Library/Core/Src/usbh_ctlreq.o
                0x000000000800693e                USBH_SetFeature
 .text.USBH_ClrFeature
                0x0000000008006986       0x48 Middlewares/ST/STM32_USB_Host_Library/Core/Src/usbh_ctlreq.o
                0x0000000008006986                USBH_ClrFeature
 .text.USBH_ParseDevDesc
                0x00000000080069ce       0xe0 Middlewares/ST/STM32_USB_Host_Library/Core/Src/usbh_ctlreq.o
 .text.USBH_ParseCfgDesc
                0x0000000008006aae      0x144 Middlewares/ST/STM32_USB_Host_Library/Core/Src/usbh_ctlreq.o
 .text.USBH_ParseInterfaceDesc
                0x0000000008006bf2       0x5e Middlewares/ST/STM32_USB_Host_Library/Core/Src/usbh_ctlreq.o
 .text.USBH_ParseEPDesc
                0x0000000008006c50       0x5a Middlewares/ST/STM32_USB_Host_Library/Core/Src/usbh_ctlreq.o
 .text.USBH_ParseStringDesc
                0x0000000008006caa       0x66 Middlewares/ST/STM32_USB_Host_Library/Core/Src/usbh_ctlreq.o
 .text.USBH_GetNextDesc
                0x0000000008006d10       0x36 Middlewares/ST/STM32_USB_Host_Library/Core/Src/usbh_ctlreq.o
                0x0000000008006d10                USBH_GetNextDesc
 .text.USBH_CtlReq
                0x0000000008006d46       0x7a Middlewares/ST/STM32_USB_Host_Library/Core/Src/usbh_ctlreq.o
                0x0000000008006d46                USBH_CtlReq
 .text.USBH_HandleControl
                0x0000000008006dc0      0x2ec Middlewares/ST/STM32_USB_Host_Library/Core/Src/usbh_ctlreq.o
 .text.USBH_CtlSendSetup
                0x00000000080070ac       0x34 Middlewares/ST/STM32_USB_Host_Library/Core/Src/usbh_ioreq.o
                0x00000000080070ac                USBH_CtlSendSetup
 .text.USBH_CtlSendData
                0x00000000080070e0       0x4a Middlewares/ST/STM32_USB_Host_Library/Core/Src/usbh_ioreq.o
                0x00000000080070e0                USBH_CtlSendData
 .text.USBH_CtlReceiveData
                0x000000000800712a       0x3c Middlewares/ST/STM32_USB_Host_Library/Core/Src/usbh_ioreq.o
                0x000000000800712a                USBH_CtlReceiveData
 .text.USBH_BulkSendData
                0x0000000008007166       0x4a Middlewares/ST/STM32_USB_Host_Library/Core/Src/usbh_ioreq.o
                0x0000000008007166                USBH_BulkSendData
 .text.USBH_BulkReceiveData
                0x00000000080071b0       0x3c Middlewares/ST/STM32_USB_Host_Library/Core/Src/usbh_ioreq.o
                0x00000000080071b0                USBH_BulkReceiveData
 .text.USBH_OpenPipe
                0x00000000080071ec       0x3e Middlewares/ST/STM32_USB_Host_Library/Core/Src/usbh_pipes.o
                0x00000000080071ec                USBH_OpenPipe
 .text.USBH_ClosePipe
                0x000000000800722a       0x20 Middlewares/ST/STM32_USB_Host_Library/Core/Src/usbh_pipes.o
                0x000000000800722a                USBH_ClosePipe
 .text.USBH_AllocPipe
                0x000000000800724a       0x42 Middlewares/ST/STM32_USB_Host_Library/Core/Src/usbh_pipes.o
                0x000000000800724a                USBH_AllocPipe
 .text.USBH_FreePipe
                0x000000000800728c       0x3e Middlewares/ST/STM32_USB_Host_Library/Core/Src/usbh_pipes.o
                0x000000000800728c                USBH_FreePipe
 .text.USBH_GetFreePipe
                0x00000000080072ca       0x48 Middlewares/ST/STM32_USB_Host_Library/Core/Src/usbh_pipes.o
 *fill*         0x0000000008007312        0x2 
 .text.MX_USB_HOST_Init
                0x0000000008007314       0x4c USB_HOST/App/usb_host.o
                0x0000000008007314                MX_USB_HOST_Init
 .text.MX_USB_HOST_Process
                0x0000000008007360       0x14 USB_HOST/App/usb_host.o
                0x0000000008007360                MX_USB_HOST_Process
 .text.USBH_UserProcess
                0x0000000008007374       0x5c USB_HOST/App/usb_host.o
 .text.HAL_HCD_MspInit
                0x00000000080073d0       0xc4 USB_HOST/Target/usbh_conf.o
                0x00000000080073d0                HAL_HCD_MspInit
 .text.HAL_HCD_SOF_Callback
                0x0000000008007494       0x1c USB_HOST/Target/usbh_conf.o
                0x0000000008007494                HAL_HCD_SOF_Callback
 .text.HAL_HCD_Connect_Callback
                0x00000000080074b0       0x1c USB_HOST/Target/usbh_conf.o
                0x00000000080074b0                HAL_HCD_Connect_Callback
 .text.HAL_HCD_Disconnect_Callback
                0x00000000080074cc       0x1c USB_HOST/Target/usbh_conf.o
                0x00000000080074cc                HAL_HCD_Disconnect_Callback
 .text.HAL_HCD_HC_NotifyURBChange_Callback
                0x00000000080074e8       0x1c USB_HOST/Target/usbh_conf.o
                0x00000000080074e8                HAL_HCD_HC_NotifyURBChange_Callback
 .text.HAL_HCD_PortEnabled_Callback
                0x0000000008007504       0x1c USB_HOST/Target/usbh_conf.o
                0x0000000008007504                HAL_HCD_PortEnabled_Callback
 .text.HAL_HCD_PortDisabled_Callback
                0x0000000008007520       0x1c USB_HOST/Target/usbh_conf.o
                0x0000000008007520                HAL_HCD_PortDisabled_Callback
 .text.USBH_LL_Init
                0x000000000800753c       0x78 USB_HOST/Target/usbh_conf.o
                0x000000000800753c                USBH_LL_Init
 .text.USBH_LL_Start
                0x00000000080075b4       0x36 USB_HOST/Target/usbh_conf.o
                0x00000000080075b4                USBH_LL_Start
 .text.USBH_LL_Stop
                0x00000000080075ea       0x36 USB_HOST/Target/usbh_conf.o
                0x00000000080075ea                USBH_LL_Stop
 .text.USBH_LL_GetSpeed
                0x0000000008007620       0x4a USB_HOST/Target/usbh_conf.o
                0x0000000008007620                USBH_LL_GetSpeed
 .text.USBH_LL_ResetPort
                0x000000000800766a       0x36 USB_HOST/Target/usbh_conf.o
                0x000000000800766a                USBH_LL_ResetPort
 .text.USBH_LL_GetLastXferSize
                0x00000000080076a0       0x26 USB_HOST/Target/usbh_conf.o
                0x00000000080076a0                USBH_LL_GetLastXferSize
 .text.USBH_LL_OpenPipe
                0x00000000080076c6       0x5e USB_HOST/Target/usbh_conf.o
                0x00000000080076c6                USBH_LL_OpenPipe
 .text.USBH_LL_ClosePipe
                0x0000000008007724       0x3e USB_HOST/Target/usbh_conf.o
                0x0000000008007724                USBH_LL_ClosePipe
 .text.USBH_LL_SubmitURB
                0x0000000008007762       0x62 USB_HOST/Target/usbh_conf.o
                0x0000000008007762                USBH_LL_SubmitURB
 .text.USBH_LL_GetURBState
                0x00000000080077c4       0x26 USB_HOST/Target/usbh_conf.o
                0x00000000080077c4                USBH_LL_GetURBState
 .text.USBH_LL_DriverVBUS
                0x00000000080077ea       0x2e USB_HOST/Target/usbh_conf.o
                0x00000000080077ea                USBH_LL_DriverVBUS
 .text.USBH_LL_SetToggle
                0x0000000008007818       0x66 USB_HOST/Target/usbh_conf.o
                0x0000000008007818                USBH_LL_SetToggle
 .text.USBH_Delay
                0x000000000800787e       0x16 USB_HOST/Target/usbh_conf.o
                0x000000000800787e                USBH_Delay
 .text.USBH_Get_USB_Status
                0x0000000008007894       0x58 USB_HOST/Target/usbh_conf.o
                0x0000000008007894                USBH_Get_USB_Status
 .text.MX_DriverVbusFS
                0x00000000080078ec       0x38 USB_HOST/Target/usbh_platform.o
                0x00000000080078ec                MX_DriverVbusFS
 .text.Reset_Handler
                0x0000000008007924       0x50 startup/startup_stm32f401xc.o
                0x0000000008007924                Reset_Handler
 .text.Default_Handler
                0x0000000008007974        0x2 startup/startup_stm32f401xc.o
                0x0000000008007974                RTC_Alarm_IRQHandler
                0x0000000008007974                EXTI2_IRQHandler
                0x0000000008007974                SPI4_IRQHandler
                0x0000000008007974                TIM1_CC_IRQHandler
                0x0000000008007974                DMA2_Stream5_IRQHandler
                0x0000000008007974                DMA1_Stream5_IRQHandler
                0x0000000008007974                PVD_IRQHandler
                0x0000000008007974                SDIO_IRQHandler
                0x0000000008007974                TAMP_STAMP_IRQHandler
                0x0000000008007974                EXTI3_IRQHandler
                0x0000000008007974                TIM1_UP_TIM10_IRQHandler
                0x0000000008007974                I2C3_ER_IRQHandler
                0x0000000008007974                EXTI0_IRQHandler
                0x0000000008007974                I2C2_EV_IRQHandler
                0x0000000008007974                DMA1_Stream2_IRQHandler
                0x0000000008007974                FPU_IRQHandler
                0x0000000008007974                DMA2_Stream2_IRQHandler
                0x0000000008007974                SPI1_IRQHandler
                0x0000000008007974                TIM1_BRK_TIM9_IRQHandler
                0x0000000008007974                DMA2_Stream3_IRQHandler
                0x0000000008007974                USART6_IRQHandler
                0x0000000008007974                DMA2_Stream0_IRQHandler
                0x0000000008007974                TIM4_IRQHandler
                0x0000000008007974                I2C1_EV_IRQHandler
                0x0000000008007974                DMA1_Stream6_IRQHandler
                0x0000000008007974                DMA1_Stream1_IRQHandler
                0x0000000008007974                TIM3_IRQHandler
                0x0000000008007974                RCC_IRQHandler
                0x0000000008007974                Default_Handler
                0x0000000008007974                EXTI15_10_IRQHandler
                0x0000000008007974                ADC_IRQHandler
                0x0000000008007974                DMA1_Stream7_IRQHandler
                0x0000000008007974                TIM5_IRQHandler
                0x0000000008007974                DMA2_Stream7_IRQHandler
                0x0000000008007974                I2C3_EV_IRQHandler
                0x0000000008007974                EXTI9_5_IRQHandler
                0x0000000008007974                RTC_WKUP_IRQHandler
                0x0000000008007974                SPI2_IRQHandler
                0x0000000008007974                DMA1_Stream0_IRQHandler
                0x0000000008007974                EXTI4_IRQHandler
                0x0000000008007974                WWDG_IRQHandler
                0x0000000008007974                TIM2_IRQHandler
                0x0000000008007974                OTG_FS_WKUP_IRQHandler
                0x0000000008007974                TIM1_TRG_COM_TIM11_IRQHandler
                0x0000000008007974                EXTI1_IRQHandler
                0x0000000008007974                USART2_IRQHandler
                0x0000000008007974                I2C2_ER_IRQHandler
                0x0000000008007974                DMA2_Stream1_IRQHandler
                0x0000000008007974                FLASH_IRQHandler
                0x0000000008007974                DMA2_Stream4_IRQHandler
                0x0000000008007974                USART1_IRQHandler
                0x0000000008007974                SPI3_IRQHandler
                0x0000000008007974                DMA1_Stream4_IRQHandler
                0x0000000008007974                I2C1_ER_IRQHandler
                0x0000000008007974                DMA2_Stream6_IRQHandler
                0x0000000008007974                DMA1_Stream3_IRQHandler
 *fill*         0x0000000008007976        0x2 
 .text.__errno  0x0000000008007978        0xc /opt/Atollic_TrueSTUDIO_for_STM32_x86_64_9.3.0/ARMTools/bin/../lib/gcc/arm-atollic-eabi/6.3.1/../../../../arm-atollic-eabi/lib/armv7e-m/fpu/libc_nano.a(lib_a-errno.o)
                0x0000000008007978                __errno
 .text.__libc_init_array
                0x0000000008007984       0x48 /opt/Atollic_TrueSTUDIO_for_STM32_x86_64_9.3.0/ARMTools/bin/../lib/gcc/arm-atollic-eabi/6.3.1/../../../../arm-atollic-eabi/lib/armv7e-m/fpu/libc_nano.a(lib_a-init.o)
                0x0000000008007984                __libc_init_array
 .text.malloc   0x00000000080079cc       0x10 /opt/Atollic_TrueSTUDIO_for_STM32_x86_64_9.3.0/ARMTools/bin/../lib/gcc/arm-atollic-eabi/6.3.1/../../../../arm-atollic-eabi/lib/armv7e-m/fpu/libc_nano.a(lib_a-malloc.o)
                0x00000000080079cc                malloc
 .text.free     0x00000000080079dc       0x10 /opt/Atollic_TrueSTUDIO_for_STM32_x86_64_9.3.0/ARMTools/bin/../lib/gcc/arm-atollic-eabi/6.3.1/../../../../arm-atollic-eabi/lib/armv7e-m/fpu/libc_nano.a(lib_a-malloc.o)
                0x00000000080079dc                free
 .text.memset   0x00000000080079ec       0x10 /opt/Atollic_TrueSTUDIO_for_STM32_x86_64_9.3.0/ARMTools/bin/../lib/gcc/arm-atollic-eabi/6.3.1/../../../../arm-atollic-eabi/lib/armv7e-m/fpu/libc_nano.a(lib_a-memset.o)
                0x00000000080079ec                memset
 .text._free_r  0x00000000080079fc       0x9c /opt/Atollic_TrueSTUDIO_for_STM32_x86_64_9.3.0/ARMTools/bin/../lib/gcc/arm-atollic-eabi/6.3.1/../../../../arm-atollic-eabi/lib/armv7e-m/fpu/libc_nano.a(lib_a-nano-freer.o)
                0x00000000080079fc                _free_r
 .text._malloc_r
                0x0000000008007a98       0xbc /opt/Atollic_TrueSTUDIO_for_STM32_x86_64_9.3.0/ARMTools/bin/../lib/gcc/arm-atollic-eabi/6.3.1/../../../../arm-atollic-eabi/lib/armv7e-m/fpu/libc_nano.a(lib_a-nano-mallocr.o)
                0x0000000008007a98                _malloc_r
 .text._sbrk_r  0x0000000008007b54       0x20 /opt/Atollic_TrueSTUDIO_for_STM32_x86_64_9.3.0/ARMTools/bin/../lib/gcc/arm-atollic-eabi/6.3.1/../../../../arm-atollic-eabi/lib/armv7e-m/fpu/libc_nano.a(lib_a-sbrkr.o)
                0x0000000008007b54                _sbrk_r
 .text.__malloc_lock
                0x0000000008007b74        0x2 /opt/Atollic_TrueSTUDIO_for_STM32_x86_64_9.3.0/ARMTools/bin/../lib/gcc/arm-atollic-eabi/6.3.1/../../../../arm-atollic-eabi/lib/armv7e-m/fpu/libc_nano.a(lib_a-mlock.o)
                0x0000000008007b74                __malloc_lock
 .text.__malloc_unlock
                0x0000000008007b76        0x2 /opt/Atollic_TrueSTUDIO_for_STM32_x86_64_9.3.0/ARMTools/bin/../lib/gcc/arm-atollic-eabi/6.3.1/../../../../arm-atollic-eabi/lib/armv7e-m/fpu/libc_nano.a(lib_a-mlock.o)
                0x0000000008007b76                __malloc_unlock
 *(.glue_7)
 .glue_7        0x0000000008007b78        0x0 linker stubs
 *(.glue_7t)
 .glue_7t       0x0000000008007b78        0x0 linker stubs
 *(.eh_frame)
 .eh_frame      0x0000000008007b78        0x0 /opt/Atollic_TrueSTUDIO_for_STM32_x86_64_9.3.0/ARMTools/bin/../lib/gcc/arm-atollic-eabi/6.3.1/armv7e-m/fpu/crtbegin.o
 *(.init)
 .init          0x0000000008007b78        0x4 /opt/Atollic_TrueSTUDIO_for_STM32_x86_64_9.3.0/ARMTools/bin/../lib/gcc/arm-atollic-eabi/6.3.1/armv7e-m/fpu/crti.o
                0x0000000008007b78                _init
 .init          0x0000000008007b7c        0x8 /opt/Atollic_TrueSTUDIO_for_STM32_x86_64_9.3.0/ARMTools/bin/../lib/gcc/arm-atollic-eabi/6.3.1/armv7e-m/fpu/crtn.o
 *(.fini)
 .fini          0x0000000008007b84        0x4 /opt/Atollic_TrueSTUDIO_for_STM32_x86_64_9.3.0/ARMTools/bin/../lib/gcc/arm-atollic-eabi/6.3.1/armv7e-m/fpu/crti.o
                0x0000000008007b84                _fini
 .fini          0x0000000008007b88        0x8 /opt/Atollic_TrueSTUDIO_for_STM32_x86_64_9.3.0/ARMTools/bin/../lib/gcc/arm-atollic-eabi/6.3.1/armv7e-m/fpu/crtn.o
                0x0000000008007b90                . = ALIGN (0x4)
                0x0000000008007b90                _etext = .

.vfp11_veneer   0x0000000008007b90        0x0
 .vfp11_veneer  0x0000000008007b90        0x0 linker stubs

.v4_bx          0x0000000008007b90        0x0
 .v4_bx         0x0000000008007b90        0x0 linker stubs

.iplt           0x0000000008007b90        0x0
 .iplt          0x0000000008007b90        0x0 /opt/Atollic_TrueSTUDIO_for_STM32_x86_64_9.3.0/ARMTools/bin/../lib/gcc/arm-atollic-eabi/6.3.1/armv7e-m/fpu/crtbegin.o

.rodata         0x0000000008007b90       0x1c
                0x0000000008007b90                . = ALIGN (0x4)
 *(.rodata)
 .rodata        0x0000000008007b90        0x4 Middlewares/ST/STM32_USB_Host_Library/Class/CDC/Src/usbh_cdc.o
 *(.rodata*)
 .rodata.AHBPrescTable
                0x0000000008007b94       0x10 Core/Src/system_stm32f4xx.o
                0x0000000008007b94                AHBPrescTable
 .rodata.APBPrescTable
                0x0000000008007ba4        0x8 Core/Src/system_stm32f4xx.o
                0x0000000008007ba4                APBPrescTable
                0x0000000008007bac                . = ALIGN (0x4)

.ARM.extab
 *(.ARM.extab* .gnu.linkonce.armextab.*)

.ARM            0x0000000008007bac        0x8
                0x0000000008007bac                __exidx_start = .
 *(.ARM.exidx*)
 .ARM.exidx     0x0000000008007bac        0x8 /opt/Atollic_TrueSTUDIO_for_STM32_x86_64_9.3.0/ARMTools/bin/../lib/gcc/arm-atollic-eabi/6.3.1/armv7e-m/fpu/libgcc.a(_udivmoddi4.o)
                0x0000000008007bb4                __exidx_end = .

.rel.dyn        0x0000000008007bb4        0x0
 .rel.iplt      0x0000000008007bb4        0x0 /opt/Atollic_TrueSTUDIO_for_STM32_x86_64_9.3.0/ARMTools/bin/../lib/gcc/arm-atollic-eabi/6.3.1/armv7e-m/fpu/crtbegin.o

.preinit_array  0x0000000008007bb4        0x0
                0x0000000008007bb4                PROVIDE (__preinit_array_start, .)
 *(.preinit_array*)
                0x0000000008007bb4                PROVIDE (__preinit_array_end, .)

.init_array     0x0000000008007bb4        0x4
                0x0000000008007bb4                PROVIDE (__init_array_start, .)
 *(SORT(.init_array.*))
 *(.init_array*)
 .init_array    0x0000000008007bb4        0x4 /opt/Atollic_TrueSTUDIO_for_STM32_x86_64_9.3.0/ARMTools/bin/../lib/gcc/arm-atollic-eabi/6.3.1/armv7e-m/fpu/crtbegin.o
                0x0000000008007bb8                PROVIDE (__init_array_end, .)

.fini_array     0x0000000008007bb8        0x4
                [!provide]                        PROVIDE (__fini_array_start, .)
 *(SORT(.fini_array.*))
 *(.fini_array*)
 .fini_array    0x0000000008007bb8        0x4 /opt/Atollic_TrueSTUDIO_for_STM32_x86_64_9.3.0/ARMTools/bin/../lib/gcc/arm-atollic-eabi/6.3.1/armv7e-m/fpu/crtbegin.o
                [!provide]                        PROVIDE (__fini_array_end, .)
                0x0000000008007bbc                _sidata = LOADADDR (.data)

.data           0x0000000020000000       0x90 load address 0x0000000008007bbc
                0x0000000020000000                . = ALIGN (0x4)
                0x0000000020000000                _sdata = .
 *(.data)
 *(.data*)
 .data.SystemCoreClock
                0x0000000020000000        0x4 Core/Src/system_stm32f4xx.o
                0x0000000020000000                SystemCoreClock
 .data.uwTickPrio
                0x0000000020000004        0x4 Drivers/STM32F4xx_HAL_Driver/Src/stm32f4xx_hal.o
                0x0000000020000004                uwTickPrio
 .data.uwTickFreq
                0x0000000020000008        0x1 Drivers/STM32F4xx_HAL_Driver/Src/stm32f4xx_hal.o
                0x0000000020000008                uwTickFreq
 *fill*         0x0000000020000009        0x3 
 .data.CDC_Class
                0x000000002000000c       0x20 Middlewares/ST/STM32_USB_Host_Library/Class/CDC/Src/usbh_cdc.o
                0x000000002000000c                CDC_Class
 .data._impure_ptr
                0x000000002000002c        0x4 /opt/Atollic_TrueSTUDIO_for_STM32_x86_64_9.3.0/ARMTools/bin/../lib/gcc/arm-atollic-eabi/6.3.1/../../../../arm-atollic-eabi/lib/armv7e-m/fpu/libc_nano.a(lib_a-impure.o)
                0x000000002000002c                _impure_ptr
 .data.impure_data
                0x0000000020000030       0x60 /opt/Atollic_TrueSTUDIO_for_STM32_x86_64_9.3.0/ARMTools/bin/../lib/gcc/arm-atollic-eabi/6.3.1/../../../../arm-atollic-eabi/lib/armv7e-m/fpu/libc_nano.a(lib_a-impure.o)
                0x0000000020000090                . = ALIGN (0x4)
                0x0000000020000090                _edata = .
                0x0000000008007c4c                _siccmram = LOADADDR (.ccmram)

.igot.plt       0x0000000020000090        0x0 load address 0x0000000008007c4c
 .igot.plt      0x0000000020000090        0x0 /opt/Atollic_TrueSTUDIO_for_STM32_x86_64_9.3.0/ARMTools/bin/../lib/gcc/arm-atollic-eabi/6.3.1/armv7e-m/fpu/crtbegin.o

.ccmram         0x0000000010000000        0x0 load address 0x0000000008007c4c
                0x0000000010000000                . = ALIGN (0x4)
                0x0000000010000000                _sccmram = .
 *(.ccmram)
 *(.ccmram*)
                0x0000000010000000                . = ALIGN (0x4)
                0x0000000010000000                _eccmram = .
                0x0000000010000000                . = ALIGN (0x4)

.bss            0x0000000020000090      0x810
                0x0000000020000090                _sbss = .
                0x0000000020000090                __bss_start__ = _sbss
 *(.bss)
 .bss           0x0000000020000090       0x1c /opt/Atollic_TrueSTUDIO_for_STM32_x86_64_9.3.0/ARMTools/bin/../lib/gcc/arm-atollic-eabi/6.3.1/armv7e-m/fpu/crtbegin.o
 *(.bss*)
 .bss.heap_end.7010
                0x00000000200000ac        0x4 Core/Src/syscalls.o
 .bss.tmpreg.8133
                0x00000000200000b0        0x4 Drivers/STM32F4xx_HAL_Driver/Src/stm32f4xx_ll_usb.o
 .bss.Appli_state
                0x00000000200000b4        0x1 USB_HOST/App/usb_host.o
                0x00000000200000b4                Appli_state
 *fill*         0x00000000200000b5        0x3 
 .bss.__malloc_free_list
                0x00000000200000b8        0x4 /opt/Atollic_TrueSTUDIO_for_STM32_x86_64_9.3.0/ARMTools/bin/../lib/gcc/arm-atollic-eabi/6.3.1/../../../../arm-atollic-eabi/lib/armv7e-m/fpu/libc_nano.a(lib_a-nano-mallocr.o)
                0x00000000200000b8                __malloc_free_list
 .bss.__malloc_sbrk_start
                0x00000000200000bc        0x4 /opt/Atollic_TrueSTUDIO_for_STM32_x86_64_9.3.0/ARMTools/bin/../lib/gcc/arm-atollic-eabi/6.3.1/../../../../arm-atollic-eabi/lib/armv7e-m/fpu/libc_nano.a(lib_a-nano-mallocr.o)
                0x00000000200000bc                __malloc_sbrk_start
 *(COMMON)
 COMMON         0x00000000200000c0      0x13c Core/Src/main.o
                0x00000000200000c0                hi2c1
                0x0000000020000114                hspi1
                0x000000002000016c                hi2s2
                0x00000000200001b4                hi2s3
 COMMON         0x00000000200001fc        0x4 Drivers/STM32F4xx_HAL_Driver/Src/stm32f4xx_hal.o
                0x00000000200001fc                uwTick
 COMMON         0x0000000020000200      0x3d8 USB_HOST/App/usb_host.o
                0x0000000020000200                hUsbHostFS
 COMMON         0x00000000200005d8      0x2c4 USB_HOST/Target/usbh_conf.o
                0x00000000200005d8                hhcd_USB_OTG_FS
 COMMON         0x000000002000089c        0x4 /opt/Atollic_TrueSTUDIO_for_STM32_x86_64_9.3.0/ARMTools/bin/../lib/gcc/arm-atollic-eabi/6.3.1/../../../../arm-atollic-eabi/lib/armv7e-m/fpu/libc_nano.a(lib_a-reent.o)
                0x000000002000089c                errno
                0x00000000200008a0                . = ALIGN (0x4)
                0x00000000200008a0                _ebss = .
                0x00000000200008a0                __bss_end__ = _ebss

._user_heap_stack
                0x00000000200008a0      0x200
                0x00000000200008a0                . = ALIGN (0x4)
                0x00000000200008a0                PROVIDE (end, .)
                [!provide]                        PROVIDE (_end, .)
                0x00000000200008a0                . = (. + _Min_Heap_Size)
                0x0000000020000aa0                . = (. + _Min_Stack_Size)
 *fill*         0x00000000200008a0      0x200 
                0x0000000020000aa0                . = ALIGN (0x4)

.memory_b1_text
 *(.mb1text)
 *(.mb1text*)
 *(.mb1rodata)
 *(.mb1rodata*)

/DISCARD/
 libc.a(*)
 libm.a(*)
 libgcc.a(*)

.ARM.attributes
                0x0000000000000000       0x30
 *(.ARM.attributes)
 .ARM.attributes
                0x0000000000000000       0x22 /opt/Atollic_TrueSTUDIO_for_STM32_x86_64_9.3.0/ARMTools/bin/../lib/gcc/arm-atollic-eabi/6.3.1/armv7e-m/fpu/crti.o
 .ARM.attributes
                0x0000000000000022       0x34 /opt/Atollic_TrueSTUDIO_for_STM32_x86_64_9.3.0/ARMTools/bin/../lib/gcc/arm-atollic-eabi/6.3.1/armv7e-m/fpu/crtbegin.o
 .ARM.attributes
                0x0000000000000056       0x39 Core/Src/main.o
 .ARM.attributes
                0x000000000000008f       0x39 Core/Src/stm32f4xx_hal_msp.o
 .ARM.attributes
                0x00000000000000c8       0x39 Core/Src/stm32f4xx_it.o
 .ARM.attributes
                0x0000000000000101       0x39 Core/Src/syscalls.o
 .ARM.attributes
                0x000000000000013a       0x39 Core/Src/system_stm32f4xx.o
 .ARM.attributes
                0x0000000000000173       0x39 Drivers/STM32F4xx_HAL_Driver/Src/stm32f4xx_hal.o
 .ARM.attributes
                0x00000000000001ac       0x39 Drivers/STM32F4xx_HAL_Driver/Src/stm32f4xx_hal_cortex.o
 .ARM.attributes
                0x00000000000001e5       0x39 Drivers/STM32F4xx_HAL_Driver/Src/stm32f4xx_hal_gpio.o
 .ARM.attributes
                0x000000000000021e       0x39 Drivers/STM32F4xx_HAL_Driver/Src/stm32f4xx_hal_hcd.o
 .ARM.attributes
                0x0000000000000257       0x39 Drivers/STM32F4xx_HAL_Driver/Src/stm32f4xx_hal_i2c.o
 .ARM.attributes
                0x0000000000000290       0x39 Drivers/STM32F4xx_HAL_Driver/Src/stm32f4xx_hal_i2s.o
 .ARM.attributes
                0x00000000000002c9       0x39 Drivers/STM32F4xx_HAL_Driver/Src/stm32f4xx_hal_i2s_ex.o
 .ARM.attributes
                0x0000000000000302       0x39 Drivers/STM32F4xx_HAL_Driver/Src/stm32f4xx_hal_rcc.o
 .ARM.attributes
                0x000000000000033b       0x39 Drivers/STM32F4xx_HAL_Driver/Src/stm32f4xx_hal_rcc_ex.o
 .ARM.attributes
                0x0000000000000374       0x39 Drivers/STM32F4xx_HAL_Driver/Src/stm32f4xx_hal_spi.o
 .ARM.attributes
                0x00000000000003ad       0x39 Drivers/STM32F4xx_HAL_Driver/Src/stm32f4xx_ll_usb.o
 .ARM.attributes
                0x00000000000003e6       0x39 Middlewares/ST/STM32_USB_Host_Library/Class/CDC/Src/usbh_cdc.o
 .ARM.attributes
                0x000000000000041f       0x39 Middlewares/ST/STM32_USB_Host_Library/Core/Src/usbh_core.o
 .ARM.attributes
                0x0000000000000458       0x39 Middlewares/ST/STM32_USB_Host_Library/Core/Src/usbh_ctlreq.o
 .ARM.attributes
                0x0000000000000491       0x39 Middlewares/ST/STM32_USB_Host_Library/Core/Src/usbh_ioreq.o
 .ARM.attributes
                0x00000000000004ca       0x39 Middlewares/ST/STM32_USB_Host_Library/Core/Src/usbh_pipes.o
 .ARM.attributes
                0x0000000000000503       0x39 USB_HOST/App/usb_host.o
 .ARM.attributes
                0x000000000000053c       0x39 USB_HOST/Target/usbh_conf.o
 .ARM.attributes
                0x0000000000000575       0x39 USB_HOST/Target/usbh_platform.o
 .ARM.attributes
                0x00000000000005ae       0x21 startup/startup_stm32f401xc.o
 .ARM.attributes
                0x00000000000005cf       0x34 /opt/Atollic_TrueSTUDIO_for_STM32_x86_64_9.3.0/ARMTools/bin/../lib/gcc/arm-atollic-eabi/6.3.1/../../../../arm-atollic-eabi/lib/armv7e-m/fpu/libc_nano.a(lib_a-errno.o)
 .ARM.attributes
                0x0000000000000603       0x34 /opt/Atollic_TrueSTUDIO_for_STM32_x86_64_9.3.0/ARMTools/bin/../lib/gcc/arm-atollic-eabi/6.3.1/../../../../arm-atollic-eabi/lib/armv7e-m/fpu/libc_nano.a(lib_a-impure.o)
 .ARM.attributes
                0x0000000000000637       0x34 /opt/Atollic_TrueSTUDIO_for_STM32_x86_64_9.3.0/ARMTools/bin/../lib/gcc/arm-atollic-eabi/6.3.1/../../../../arm-atollic-eabi/lib/armv7e-m/fpu/libc_nano.a(lib_a-init.o)
 .ARM.attributes
                0x000000000000066b       0x34 /opt/Atollic_TrueSTUDIO_for_STM32_x86_64_9.3.0/ARMTools/bin/../lib/gcc/arm-atollic-eabi/6.3.1/../../../../arm-atollic-eabi/lib/armv7e-m/fpu/libc_nano.a(lib_a-malloc.o)
 .ARM.attributes
                0x000000000000069f       0x34 /opt/Atollic_TrueSTUDIO_for_STM32_x86_64_9.3.0/ARMTools/bin/../lib/gcc/arm-atollic-eabi/6.3.1/../../../../arm-atollic-eabi/lib/armv7e-m/fpu/libc_nano.a(lib_a-memset.o)
 .ARM.attributes
                0x00000000000006d3       0x34 /opt/Atollic_TrueSTUDIO_for_STM32_x86_64_9.3.0/ARMTools/bin/../lib/gcc/arm-atollic-eabi/6.3.1/../../../../arm-atollic-eabi/lib/armv7e-m/fpu/libc_nano.a(lib_a-nano-freer.o)
 .ARM.attributes
                0x0000000000000707       0x34 /opt/Atollic_TrueSTUDIO_for_STM32_x86_64_9.3.0/ARMTools/bin/../lib/gcc/arm-atollic-eabi/6.3.1/../../../../arm-atollic-eabi/lib/armv7e-m/fpu/libc_nano.a(lib_a-nano-mallocr.o)
 .ARM.attributes
                0x000000000000073b       0x34 /opt/Atollic_TrueSTUDIO_for_STM32_x86_64_9.3.0/ARMTools/bin/../lib/gcc/arm-atollic-eabi/6.3.1/../../../../arm-atollic-eabi/lib/armv7e-m/fpu/libc_nano.a(lib_a-sbrkr.o)
 .ARM.attributes
                0x000000000000076f       0x34 /opt/Atollic_TrueSTUDIO_for_STM32_x86_64_9.3.0/ARMTools/bin/../lib/gcc/arm-atollic-eabi/6.3.1/../../../../arm-atollic-eabi/lib/armv7e-m/fpu/libc_nano.a(lib_a-mlock.o)
 .ARM.attributes
                0x00000000000007a3       0x34 /opt/Atollic_TrueSTUDIO_for_STM32_x86_64_9.3.0/ARMTools/bin/../lib/gcc/arm-atollic-eabi/6.3.1/../../../../arm-atollic-eabi/lib/armv7e-m/fpu/libc_nano.a(lib_a-reent.o)
 .ARM.attributes
                0x00000000000007d7       0x22 /opt/Atollic_TrueSTUDIO_for_STM32_x86_64_9.3.0/ARMTools/bin/../lib/gcc/arm-atollic-eabi/6.3.1/armv7e-m/fpu/libgcc.a(_aeabi_uldivmod.o)
 .ARM.attributes
                0x00000000000007f9       0x34 /opt/Atollic_TrueSTUDIO_for_STM32_x86_64_9.3.0/ARMTools/bin/../lib/gcc/arm-atollic-eabi/6.3.1/armv7e-m/fpu/libgcc.a(_udivmoddi4.o)
 .ARM.attributes
                0x000000000000082d       0x22 /opt/Atollic_TrueSTUDIO_for_STM32_x86_64_9.3.0/ARMTools/bin/../lib/gcc/arm-atollic-eabi/6.3.1/armv7e-m/fpu/libgcc.a(_dvmd_tls.o)
 .ARM.attributes
                0x000000000000084f       0x22 /opt/Atollic_TrueSTUDIO_for_STM32_x86_64_9.3.0/ARMTools/bin/../lib/gcc/arm-atollic-eabi/6.3.1/armv7e-m/fpu/crtn.o
OUTPUT(BlinkBlink.elf elf32-littlearm)

.debug_info     0x0000000000000000    0x18c43
 .debug_info    0x0000000000000000     0x1115 Core/Src/main.o
 .debug_info    0x0000000000001115      0xf8e Core/Src/stm32f4xx_hal_msp.o
 .debug_info    0x00000000000020a3      0x6b2 Core/Src/stm32f4xx_it.o
 .debug_info    0x0000000000002755      0xf16 Core/Src/syscalls.o
 .debug_info    0x000000000000366b      0x580 Core/Src/system_stm32f4xx.o
 .debug_info    0x0000000000003beb      0x8cd Drivers/STM32F4xx_HAL_Driver/Src/stm32f4xx_hal.o
 .debug_info    0x00000000000044b8      0xd92 Drivers/STM32F4xx_HAL_Driver/Src/stm32f4xx_hal_cortex.o
 .debug_info    0x000000000000524a      0x7d6 Drivers/STM32F4xx_HAL_Driver/Src/stm32f4xx_hal_gpio.o
 .debug_info    0x0000000000005a20      0xe5b Drivers/STM32F4xx_HAL_Driver/Src/stm32f4xx_hal_hcd.o
 .debug_info    0x000000000000687b     0x2427 Drivers/STM32F4xx_HAL_Driver/Src/stm32f4xx_hal_i2c.o
 .debug_info    0x0000000000008ca2      0xe53 Drivers/STM32F4xx_HAL_Driver/Src/stm32f4xx_hal_i2s.o
 .debug_info    0x0000000000009af5      0xb6a Drivers/STM32F4xx_HAL_Driver/Src/stm32f4xx_hal_i2s_ex.o
 .debug_info    0x000000000000a65f      0x928 Drivers/STM32F4xx_HAL_Driver/Src/stm32f4xx_hal_rcc.o
 .debug_info    0x000000000000af87      0x5e4 Drivers/STM32F4xx_HAL_Driver/Src/stm32f4xx_hal_rcc_ex.o
 .debug_info    0x000000000000b56b     0x162f Drivers/STM32F4xx_HAL_Driver/Src/stm32f4xx_hal_spi.o
 .debug_info    0x000000000000cb9a     0x18d9 Drivers/STM32F4xx_HAL_Driver/Src/stm32f4xx_ll_usb.o
 .debug_info    0x000000000000e473     0x1acd Middlewares/ST/STM32_USB_Host_Library/Class/CDC/Src/usbh_cdc.o
 .debug_info    0x000000000000ff40     0x16ae Middlewares/ST/STM32_USB_Host_Library/Core/Src/usbh_core.o
 .debug_info    0x00000000000115ee     0x176e Middlewares/ST/STM32_USB_Host_Library/Core/Src/usbh_ctlreq.o
 .debug_info    0x0000000000012d5c     0x14db Middlewares/ST/STM32_USB_Host_Library/Core/Src/usbh_ioreq.o
 .debug_info    0x0000000000014237     0x131e Middlewares/ST/STM32_USB_Host_Library/Core/Src/usbh_pipes.o
 .debug_info    0x0000000000015555     0x1271 USB_HOST/App/usb_host.o
 .debug_info    0x00000000000167c6     0x2188 USB_HOST/Target/usbh_conf.o
 .debug_info    0x000000000001894e      0x27b USB_HOST/Target/usbh_platform.o
 .debug_info    0x0000000000018bc9       0x7a startup/startup_stm32f401xc.o

.debug_abbrev   0x0000000000000000     0x3602
 .debug_abbrev  0x0000000000000000      0x1f6 Core/Src/main.o
 .debug_abbrev  0x00000000000001f6      0x1bf Core/Src/stm32f4xx_hal_msp.o
 .debug_abbrev  0x00000000000003b5      0x15f Core/Src/stm32f4xx_it.o
 .debug_abbrev  0x0000000000000514      0x271 Core/Src/syscalls.o
 .debug_abbrev  0x0000000000000785      0x126 Core/Src/system_stm32f4xx.o
 .debug_abbrev  0x00000000000008ab      0x1ed Drivers/STM32F4xx_HAL_Driver/Src/stm32f4xx_hal.o
 .debug_abbrev  0x0000000000000a98      0x2f5 Drivers/STM32F4xx_HAL_Driver/Src/stm32f4xx_hal_cortex.o
 .debug_abbrev  0x0000000000000d8d      0x1c4 Drivers/STM32F4xx_HAL_Driver/Src/stm32f4xx_hal_gpio.o
 .debug_abbrev  0x0000000000000f51      0x250 Drivers/STM32F4xx_HAL_Driver/Src/stm32f4xx_hal_hcd.o
 .debug_abbrev  0x00000000000011a1      0x25e Drivers/STM32F4xx_HAL_Driver/Src/stm32f4xx_hal_i2c.o
 .debug_abbrev  0x00000000000013ff      0x225 Drivers/STM32F4xx_HAL_Driver/Src/stm32f4xx_hal_i2s.o
 .debug_abbrev  0x0000000000001624      0x250 Drivers/STM32F4xx_HAL_Driver/Src/stm32f4xx_hal_i2s_ex.o
 .debug_abbrev  0x0000000000001874      0x240 Drivers/STM32F4xx_HAL_Driver/Src/stm32f4xx_hal_rcc.o
 .debug_abbrev  0x0000000000001ab4      0x16e Drivers/STM32F4xx_HAL_Driver/Src/stm32f4xx_hal_rcc_ex.o
 .debug_abbrev  0x0000000000001c22      0x23b Drivers/STM32F4xx_HAL_Driver/Src/stm32f4xx_hal_spi.o
 .debug_abbrev  0x0000000000001e5d      0x265 Drivers/STM32F4xx_HAL_Driver/Src/stm32f4xx_ll_usb.o
 .debug_abbrev  0x00000000000020c2      0x301 Middlewares/ST/STM32_USB_Host_Library/Class/CDC/Src/usbh_cdc.o
 .debug_abbrev  0x00000000000023c3      0x35b Middlewares/ST/STM32_USB_Host_Library/Core/Src/usbh_core.o
 .debug_abbrev  0x000000000000271e      0x314 Middlewares/ST/STM32_USB_Host_Library/Core/Src/usbh_ctlreq.o
 .debug_abbrev  0x0000000000002a32      0x272 Middlewares/ST/STM32_USB_Host_Library/Core/Src/usbh_ioreq.o
 .debug_abbrev  0x0000000000002ca4      0x2aa Middlewares/ST/STM32_USB_Host_Library/Core/Src/usbh_pipes.o
 .debug_abbrev  0x0000000000002f4e      0x261 USB_HOST/App/usb_host.o
 .debug_abbrev  0x00000000000031af      0x342 USB_HOST/Target/usbh_conf.o
 .debug_abbrev  0x00000000000034f1       0xff USB_HOST/Target/usbh_platform.o
 .debug_abbrev  0x00000000000035f0       0x12 startup/startup_stm32f401xc.o

.debug_aranges  0x0000000000000000     0x11a0
 .debug_aranges
                0x0000000000000000       0x58 Core/Src/main.o
 .debug_aranges
                0x0000000000000058       0x50 Core/Src/stm32f4xx_hal_msp.o
 .debug_aranges
                0x00000000000000a8       0x68 Core/Src/stm32f4xx_it.o
 .debug_aranges
                0x0000000000000110       0xb0 Core/Src/syscalls.o
 .debug_aranges
                0x00000000000001c0       0x28 Core/Src/system_stm32f4xx.o
 .debug_aranges
                0x00000000000001e8       0xf0 Drivers/STM32F4xx_HAL_Driver/Src/stm32f4xx_hal.o
 .debug_aranges
                0x00000000000002d8      0x118 Drivers/STM32F4xx_HAL_Driver/Src/stm32f4xx_hal_cortex.o
 .debug_aranges
                0x00000000000003f0       0x58 Drivers/STM32F4xx_HAL_Driver/Src/stm32f4xx_hal_gpio.o
 .debug_aranges
                0x0000000000000448       0xf8 Drivers/STM32F4xx_HAL_Driver/Src/stm32f4xx_hal_hcd.o
 .debug_aranges
                0x0000000000000540      0x2a0 Drivers/STM32F4xx_HAL_Driver/Src/stm32f4xx_hal_i2c.o
 .debug_aranges
                0x00000000000007e0      0x108 Drivers/STM32F4xx_HAL_Driver/Src/stm32f4xx_hal_i2s.o
 .debug_aranges
                0x00000000000008e8       0x88 Drivers/STM32F4xx_HAL_Driver/Src/stm32f4xx_hal_i2s_ex.o
 .debug_aranges
                0x0000000000000970       0x88 Drivers/STM32F4xx_HAL_Driver/Src/stm32f4xx_hal_rcc.o
 .debug_aranges
                0x00000000000009f8       0x48 Drivers/STM32F4xx_HAL_Driver/Src/stm32f4xx_hal_rcc_ex.o
 .debug_aranges
                0x0000000000000a40      0x1d0 Drivers/STM32F4xx_HAL_Driver/Src/stm32f4xx_hal_spi.o
 .debug_aranges
                0x0000000000000c10      0x198 Drivers/STM32F4xx_HAL_Driver/Src/stm32f4xx_ll_usb.o
 .debug_aranges
                0x0000000000000da8       0xa8 Middlewares/ST/STM32_USB_Host_Library/Class/CDC/Src/usbh_cdc.o
 .debug_aranges
                0x0000000000000e50       0xc0 Middlewares/ST/STM32_USB_Host_Library/Core/Src/usbh_core.o
 .debug_aranges
                0x0000000000000f10       0xa0 Middlewares/ST/STM32_USB_Host_Library/Core/Src/usbh_ctlreq.o
 .debug_aranges
                0x0000000000000fb0       0x60 Middlewares/ST/STM32_USB_Host_Library/Core/Src/usbh_ioreq.o
 .debug_aranges
                0x0000000000001010       0x40 Middlewares/ST/STM32_USB_Host_Library/Core/Src/usbh_pipes.o
 .debug_aranges
                0x0000000000001050       0x30 USB_HOST/App/usb_host.o
 .debug_aranges
                0x0000000000001080       0xd8 USB_HOST/Target/usbh_conf.o
 .debug_aranges
                0x0000000000001158       0x20 USB_HOST/Target/usbh_platform.o
 .debug_aranges
                0x0000000000001178       0x28 startup/startup_stm32f401xc.o

.debug_ranges   0x0000000000000000     0x1040
 .debug_ranges  0x0000000000000000       0x48 Core/Src/main.o
 .debug_ranges  0x0000000000000048       0x40 Core/Src/stm32f4xx_hal_msp.o
 .debug_ranges  0x0000000000000088       0x58 Core/Src/stm32f4xx_it.o
 .debug_ranges  0x00000000000000e0       0xa0 Core/Src/syscalls.o
 .debug_ranges  0x0000000000000180       0x18 Core/Src/system_stm32f4xx.o
 .debug_ranges  0x0000000000000198       0xe0 Drivers/STM32F4xx_HAL_Driver/Src/stm32f4xx_hal.o
 .debug_ranges  0x0000000000000278      0x108 Drivers/STM32F4xx_HAL_Driver/Src/stm32f4xx_hal_cortex.o
 .debug_ranges  0x0000000000000380       0x48 Drivers/STM32F4xx_HAL_Driver/Src/stm32f4xx_hal_gpio.o
 .debug_ranges  0x00000000000003c8       0xe8 Drivers/STM32F4xx_HAL_Driver/Src/stm32f4xx_hal_hcd.o
 .debug_ranges  0x00000000000004b0      0x2b8 Drivers/STM32F4xx_HAL_Driver/Src/stm32f4xx_hal_i2c.o
 .debug_ranges  0x0000000000000768       0xf8 Drivers/STM32F4xx_HAL_Driver/Src/stm32f4xx_hal_i2s.o
 .debug_ranges  0x0000000000000860       0x78 Drivers/STM32F4xx_HAL_Driver/Src/stm32f4xx_hal_i2s_ex.o
 .debug_ranges  0x00000000000008d8       0x78 Drivers/STM32F4xx_HAL_Driver/Src/stm32f4xx_hal_rcc.o
 .debug_ranges  0x0000000000000950       0x38 Drivers/STM32F4xx_HAL_Driver/Src/stm32f4xx_hal_rcc_ex.o
 .debug_ranges  0x0000000000000988      0x1c0 Drivers/STM32F4xx_HAL_Driver/Src/stm32f4xx_hal_spi.o
 .debug_ranges  0x0000000000000b48      0x188 Drivers/STM32F4xx_HAL_Driver/Src/stm32f4xx_ll_usb.o
 .debug_ranges  0x0000000000000cd0       0x98 Middlewares/ST/STM32_USB_Host_Library/Class/CDC/Src/usbh_cdc.o
 .debug_ranges  0x0000000000000d68       0xb0 Middlewares/ST/STM32_USB_Host_Library/Core/Src/usbh_core.o
 .debug_ranges  0x0000000000000e18       0x90 Middlewares/ST/STM32_USB_Host_Library/Core/Src/usbh_ctlreq.o
 .debug_ranges  0x0000000000000ea8       0x50 Middlewares/ST/STM32_USB_Host_Library/Core/Src/usbh_ioreq.o
 .debug_ranges  0x0000000000000ef8       0x30 Middlewares/ST/STM32_USB_Host_Library/Core/Src/usbh_pipes.o
 .debug_ranges  0x0000000000000f28       0x20 USB_HOST/App/usb_host.o
 .debug_ranges  0x0000000000000f48       0xc8 USB_HOST/Target/usbh_conf.o
 .debug_ranges  0x0000000000001010       0x10 USB_HOST/Target/usbh_platform.o
 .debug_ranges  0x0000000000001020       0x20 startup/startup_stm32f401xc.o

.debug_line     0x0000000000000000     0x8ec5
 .debug_line    0x0000000000000000      0x38a Core/Src/main.o
 .debug_line    0x000000000000038a      0x312 Core/Src/stm32f4xx_hal_msp.o
 .debug_line    0x000000000000069c      0x2bc Core/Src/stm32f4xx_it.o
 .debug_line    0x0000000000000958      0x3b1 Core/Src/syscalls.o
 .debug_line    0x0000000000000d09      0x1f9 Core/Src/system_stm32f4xx.o
 .debug_line    0x0000000000000f02      0x409 Drivers/STM32F4xx_HAL_Driver/Src/stm32f4xx_hal.o
 .debug_line    0x000000000000130b      0x53d Drivers/STM32F4xx_HAL_Driver/Src/stm32f4xx_hal_cortex.o
 .debug_line    0x0000000000001848      0x3c4 Drivers/STM32F4xx_HAL_Driver/Src/stm32f4xx_hal_gpio.o
 .debug_line    0x0000000000001c0c      0x6d6 Drivers/STM32F4xx_HAL_Driver/Src/stm32f4xx_hal_hcd.o
 .debug_line    0x00000000000022e2     0x16e5 Drivers/STM32F4xx_HAL_Driver/Src/stm32f4xx_hal_i2c.o
 .debug_line    0x00000000000039c7      0x8d3 Drivers/STM32F4xx_HAL_Driver/Src/stm32f4xx_hal_i2s.o
 .debug_line    0x000000000000429a      0x9ff Drivers/STM32F4xx_HAL_Driver/Src/stm32f4xx_hal_i2s_ex.o
 .debug_line    0x0000000000004c99      0x4aa Drivers/STM32F4xx_HAL_Driver/Src/stm32f4xx_hal_rcc.o
 .debug_line    0x0000000000005143      0x346 Drivers/STM32F4xx_HAL_Driver/Src/stm32f4xx_hal_rcc_ex.o
 .debug_line    0x0000000000005489      0xbed Drivers/STM32F4xx_HAL_Driver/Src/stm32f4xx_hal_spi.o
 .debug_line    0x0000000000006076      0x97c Drivers/STM32F4xx_HAL_Driver/Src/stm32f4xx_ll_usb.o
 .debug_line    0x00000000000069f2      0x5aa Middlewares/ST/STM32_USB_Host_Library/Class/CDC/Src/usbh_cdc.o
 .debug_line    0x0000000000006f9c      0x6d5 Middlewares/ST/STM32_USB_Host_Library/Core/Src/usbh_core.o
 .debug_line    0x0000000000007671      0x5bc Middlewares/ST/STM32_USB_Host_Library/Core/Src/usbh_ctlreq.o
 .debug_line    0x0000000000007c2d      0x3c2 Middlewares/ST/STM32_USB_Host_Library/Core/Src/usbh_ioreq.o
 .debug_line    0x0000000000007fef      0x37a Middlewares/ST/STM32_USB_Host_Library/Core/Src/usbh_pipes.o
 .debug_line    0x0000000000008369      0x37b USB_HOST/App/usb_host.o
 .debug_line    0x00000000000086e4      0x572 USB_HOST/Target/usbh_conf.o
 .debug_line    0x0000000000008c56      0x1f1 USB_HOST/Target/usbh_platform.o
 .debug_line    0x0000000000008e47       0x7e startup/startup_stm32f401xc.o

.debug_str      0x0000000000000000     0x59b7
 .debug_str     0x0000000000000000      0xd81 Core/Src/main.o
                                        0xe7e (size before relaxing)
 .debug_str     0x0000000000000d81       0xa1 Core/Src/stm32f4xx_hal_msp.o
                                        0xc9f (size before relaxing)
 .debug_str     0x0000000000000e22      0x42b Core/Src/stm32f4xx_it.o
                                        0x756 (size before relaxing)
 .debug_str     0x000000000000124d      0x607 Core/Src/syscalls.o
                                        0x85b (size before relaxing)
 .debug_str     0x0000000000001854       0xaf Core/Src/system_stm32f4xx.o
                                        0x440 (size before relaxing)
 .debug_str     0x0000000000001903      0x64c Drivers/STM32F4xx_HAL_Driver/Src/stm32f4xx_hal.o
                                        0xa2b (size before relaxing)
 .debug_str     0x0000000000001f4f      0x492 Drivers/STM32F4xx_HAL_Driver/Src/stm32f4xx_hal_cortex.o
                                        0xb9d (size before relaxing)
 .debug_str     0x00000000000023e1      0x158 Drivers/STM32F4xx_HAL_Driver/Src/stm32f4xx_hal_gpio.o
                                        0x5d7 (size before relaxing)
 .debug_str     0x0000000000002539      0x3da Drivers/STM32F4xx_HAL_Driver/Src/stm32f4xx_hal_hcd.o
                                        0xab5 (size before relaxing)
 .debug_str     0x0000000000002913      0x88a Drivers/STM32F4xx_HAL_Driver/Src/stm32f4xx_hal_i2c.o
                                       0x10a5 (size before relaxing)
 .debug_str     0x000000000000319d      0x266 Drivers/STM32F4xx_HAL_Driver/Src/stm32f4xx_hal_i2s.o
                                        0x9e1 (size before relaxing)
 .debug_str     0x0000000000003403      0x1f1 Drivers/STM32F4xx_HAL_Driver/Src/stm32f4xx_hal_i2s_ex.o
                                        0x935 (size before relaxing)
 .debug_str     0x00000000000035f4      0x1ae Drivers/STM32F4xx_HAL_Driver/Src/stm32f4xx_hal_rcc.o
                                        0x78e (size before relaxing)
 .debug_str     0x00000000000037a2      0x113 Drivers/STM32F4xx_HAL_Driver/Src/stm32f4xx_hal_rcc_ex.o
                                        0x59b (size before relaxing)
 .debug_str     0x00000000000038b5      0x4e1 Drivers/STM32F4xx_HAL_Driver/Src/stm32f4xx_hal_spi.o
                                        0xc72 (size before relaxing)
 .debug_str     0x0000000000003d96      0x626 Drivers/STM32F4xx_HAL_Driver/Src/stm32f4xx_ll_usb.o
                                        0xd17 (size before relaxing)
 .debug_str     0x00000000000043bc      0xdc6 Middlewares/ST/STM32_USB_Host_Library/Class/CDC/Src/usbh_cdc.o
                                       0x1577 (size before relaxing)
 .debug_str     0x0000000000005182      0x213 Middlewares/ST/STM32_USB_Host_Library/Core/Src/usbh_core.o
                                       0x110c (size before relaxing)
 .debug_str     0x0000000000005395      0x222 Middlewares/ST/STM32_USB_Host_Library/Core/Src/usbh_ctlreq.o
                                       0x117e (size before relaxing)
 .debug_str     0x00000000000055b7       0xfe Middlewares/ST/STM32_USB_Host_Library/Core/Src/usbh_ioreq.o
                                        0xff9 (size before relaxing)
 .debug_str     0x00000000000056b5       0x97 Middlewares/ST/STM32_USB_Host_Library/Core/Src/usbh_pipes.o
                                        0xf7e (size before relaxing)
 .debug_str     0x000000000000574c       0xc7 USB_HOST/App/usb_host.o
                                        0xf95 (size before relaxing)
 .debug_str     0x0000000000005813      0x171 USB_HOST/Target/usbh_conf.o
                                       0x1b39 (size before relaxing)
 .debug_str     0x0000000000005984       0x33 USB_HOST/Target/usbh_platform.o
                                        0x331 (size before relaxing)

.comment        0x0000000000000000       0x7c
 .comment       0x0000000000000000       0x7c Core/Src/main.o
                                         0x7d (size before relaxing)
 .comment       0x000000000000007c       0x7d Core/Src/stm32f4xx_hal_msp.o
 .comment       0x000000000000007c       0x7d Core/Src/stm32f4xx_it.o
 .comment       0x000000000000007c       0x7d Core/Src/syscalls.o
 .comment       0x000000000000007c       0x7d Core/Src/system_stm32f4xx.o
 .comment       0x000000000000007c       0x7d Drivers/STM32F4xx_HAL_Driver/Src/stm32f4xx_hal.o
 .comment       0x000000000000007c       0x7d Drivers/STM32F4xx_HAL_Driver/Src/stm32f4xx_hal_cortex.o
 .comment       0x000000000000007c       0x7d Drivers/STM32F4xx_HAL_Driver/Src/stm32f4xx_hal_gpio.o
 .comment       0x000000000000007c       0x7d Drivers/STM32F4xx_HAL_Driver/Src/stm32f4xx_hal_hcd.o
 .comment       0x000000000000007c       0x7d Drivers/STM32F4xx_HAL_Driver/Src/stm32f4xx_hal_i2c.o
 .comment       0x000000000000007c       0x7d Drivers/STM32F4xx_HAL_Driver/Src/stm32f4xx_hal_i2s.o
 .comment       0x000000000000007c       0x7d Drivers/STM32F4xx_HAL_Driver/Src/stm32f4xx_hal_i2s_ex.o
 .comment       0x000000000000007c       0x7d Drivers/STM32F4xx_HAL_Driver/Src/stm32f4xx_hal_rcc.o
 .comment       0x000000000000007c       0x7d Drivers/STM32F4xx_HAL_Driver/Src/stm32f4xx_hal_rcc_ex.o
 .comment       0x000000000000007c       0x7d Drivers/STM32F4xx_HAL_Driver/Src/stm32f4xx_hal_spi.o
 .comment       0x000000000000007c       0x7d Drivers/STM32F4xx_HAL_Driver/Src/stm32f4xx_ll_usb.o
 .comment       0x000000000000007c       0x7d Middlewares/ST/STM32_USB_Host_Library/Class/CDC/Src/usbh_cdc.o
 .comment       0x000000000000007c       0x7d Middlewares/ST/STM32_USB_Host_Library/Core/Src/usbh_core.o
 .comment       0x000000000000007c       0x7d Middlewares/ST/STM32_USB_Host_Library/Core/Src/usbh_ctlreq.o
 .comment       0x000000000000007c       0x7d Middlewares/ST/STM32_USB_Host_Library/Core/Src/usbh_ioreq.o
 .comment       0x000000000000007c       0x7d Middlewares/ST/STM32_USB_Host_Library/Core/Src/usbh_pipes.o
 .comment       0x000000000000007c       0x7d USB_HOST/App/usb_host.o
 .comment       0x000000000000007c       0x7d USB_HOST/Target/usbh_conf.o
 .comment       0x000000000000007c       0x7d USB_HOST/Target/usbh_platform.o

.debug_frame    0x0000000000000000     0x4a94
 .debug_frame   0x0000000000000000      0x104 Core/Src/main.o
 .debug_frame   0x0000000000000104      0x10c Core/Src/stm32f4xx_hal_msp.o
 .debug_frame   0x0000000000000210      0x128 Core/Src/stm32f4xx_it.o
 .debug_frame   0x0000000000000338      0x2d4 Core/Src/syscalls.o
 .debug_frame   0x000000000000060c       0x58 Core/Src/system_stm32f4xx.o
 .debug_frame   0x0000000000000664      0x374 Drivers/STM32F4xx_HAL_Driver/Src/stm32f4xx_hal.o
 .debug_frame   0x00000000000009d8      0x498 Drivers/STM32F4xx_HAL_Driver/Src/stm32f4xx_hal_cortex.o
 .debug_frame   0x0000000000000e70      0x14c Drivers/STM32F4xx_HAL_Driver/Src/stm32f4xx_hal_gpio.o
 .debug_frame   0x0000000000000fbc      0x44c Drivers/STM32F4xx_HAL_Driver/Src/stm32f4xx_hal_hcd.o
 .debug_frame   0x0000000000001408      0xc5c Drivers/STM32F4xx_HAL_Driver/Src/stm32f4xx_hal_i2c.o
 .debug_frame   0x0000000000002064      0x484 Drivers/STM32F4xx_HAL_Driver/Src/stm32f4xx_hal_i2s.o
 .debug_frame   0x00000000000024e8      0x220 Drivers/STM32F4xx_HAL_Driver/Src/stm32f4xx_hal_i2s_ex.o
 .debug_frame   0x0000000000002708      0x1f8 Drivers/STM32F4xx_HAL_Driver/Src/stm32f4xx_hal_rcc.o
 .debug_frame   0x0000000000002900       0xf0 Drivers/STM32F4xx_HAL_Driver/Src/stm32f4xx_hal_rcc_ex.o
 .debug_frame   0x00000000000029f0      0x824 Drivers/STM32F4xx_HAL_Driver/Src/stm32f4xx_hal_spi.o
 .debug_frame   0x0000000000003214      0x798 Drivers/STM32F4xx_HAL_Driver/Src/stm32f4xx_ll_usb.o
 .debug_frame   0x00000000000039ac      0x2c0 Middlewares/ST/STM32_USB_Host_Library/Class/CDC/Src/usbh_cdc.o
 .debug_frame   0x0000000000003c6c      0x338 Middlewares/ST/STM32_USB_Host_Library/Core/Src/usbh_core.o
 .debug_frame   0x0000000000003fa4      0x28c Middlewares/ST/STM32_USB_Host_Library/Core/Src/usbh_ctlreq.o
 .debug_frame   0x0000000000004230      0x154 Middlewares/ST/STM32_USB_Host_Library/Core/Src/usbh_ioreq.o
 .debug_frame   0x0000000000004384       0xcc Middlewares/ST/STM32_USB_Host_Library/Core/Src/usbh_pipes.o
 .debug_frame   0x0000000000004450       0x70 USB_HOST/App/usb_host.o
 .debug_frame   0x00000000000044c0      0x388 USB_HOST/Target/usbh_conf.o
 .debug_frame   0x0000000000004848       0x34 USB_HOST/Target/usbh_platform.o
 .debug_frame   0x000000000000487c       0x20 /opt/Atollic_TrueSTUDIO_for_STM32_x86_64_9.3.0/ARMTools/bin/../lib/gcc/arm-atollic-eabi/6.3.1/../../../../arm-atollic-eabi/lib/armv7e-m/fpu/libc_nano.a(lib_a-errno.o)
 .debug_frame   0x000000000000489c       0x2c /opt/Atollic_TrueSTUDIO_for_STM32_x86_64_9.3.0/ARMTools/bin/../lib/gcc/arm-atollic-eabi/6.3.1/../../../../arm-atollic-eabi/lib/armv7e-m/fpu/libc_nano.a(lib_a-init.o)
 .debug_frame   0x00000000000048c8       0x30 /opt/Atollic_TrueSTUDIO_for_STM32_x86_64_9.3.0/ARMTools/bin/../lib/gcc/arm-atollic-eabi/6.3.1/../../../../arm-atollic-eabi/lib/armv7e-m/fpu/libc_nano.a(lib_a-malloc.o)
 .debug_frame   0x00000000000048f8       0x20 /opt/Atollic_TrueSTUDIO_for_STM32_x86_64_9.3.0/ARMTools/bin/../lib/gcc/arm-atollic-eabi/6.3.1/../../../../arm-atollic-eabi/lib/armv7e-m/fpu/libc_nano.a(lib_a-memset.o)
 .debug_frame   0x0000000000004918       0x38 /opt/Atollic_TrueSTUDIO_for_STM32_x86_64_9.3.0/ARMTools/bin/../lib/gcc/arm-atollic-eabi/6.3.1/../../../../arm-atollic-eabi/lib/armv7e-m/fpu/libc_nano.a(lib_a-nano-freer.o)
 .debug_frame   0x0000000000004950       0x2c /opt/Atollic_TrueSTUDIO_for_STM32_x86_64_9.3.0/ARMTools/bin/../lib/gcc/arm-atollic-eabi/6.3.1/../../../../arm-atollic-eabi/lib/armv7e-m/fpu/libc_nano.a(lib_a-nano-mallocr.o)
 .debug_frame   0x000000000000497c       0x2c /opt/Atollic_TrueSTUDIO_for_STM32_x86_64_9.3.0/ARMTools/bin/../lib/gcc/arm-atollic-eabi/6.3.1/../../../../arm-atollic-eabi/lib/armv7e-m/fpu/libc_nano.a(lib_a-sbrkr.o)
 .debug_frame   0x00000000000049a8       0x30 /opt/Atollic_TrueSTUDIO_for_STM32_x86_64_9.3.0/ARMTools/bin/../lib/gcc/arm-atollic-eabi/6.3.1/../../../../arm-atollic-eabi/lib/armv7e-m/fpu/libc_nano.a(lib_a-mlock.o)
 .debug_frame   0x00000000000049d8       0x5c /opt/Atollic_TrueSTUDIO_for_STM32_x86_64_9.3.0/ARMTools/bin/../lib/gcc/arm-atollic-eabi/6.3.1/../../../../arm-atollic-eabi/lib/armv7e-m/fpu/libc_nano.a(lib_a-reent.o)
 .debug_frame   0x0000000000004a34       0x2c /opt/Atollic_TrueSTUDIO_for_STM32_x86_64_9.3.0/ARMTools/bin/../lib/gcc/arm-atollic-eabi/6.3.1/armv7e-m/fpu/libgcc.a(_aeabi_uldivmod.o)
 .debug_frame   0x0000000000004a60       0x34 /opt/Atollic_TrueSTUDIO_for_STM32_x86_64_9.3.0/ARMTools/bin/../lib/gcc/arm-atollic-eabi/6.3.1/armv7e-m/fpu/libgcc.a(_udivmoddi4.o)
